<?xml version="1.0" encoding="ISO-8859-1" ?>
<link_info>
   <banner>TI ARM Linker PC v20.2.7.LTS</banner>
   <copyright>Copyright (c) 1996-2018 Texas Instruments Incorporated</copyright>
   <link_time>0x69a1dba8</link_time>
   <link_errors>0x0</link_errors>
   <output_file>MPU9250_SPI_x04_basic.out</output_file>
   <entry_point>
      <name>_c_int00</name>
      <address>0x67d0</address>
   </entry_point>
   <input_file_list>
      <input_file id="fl-2">
         <path>.\project\</path>
         <kind>object</kind>
         <file>MPU9250.obj</file>
         <name>MPU9250.obj</name>
      </input_file>
      <input_file id="fl-3">
         <path>.\source\</path>
         <kind>object</kind>
         <file>dabort.obj</file>
         <name>dabort.obj</name>
      </input_file>
      <input_file id="fl-4">
         <path>.\source\</path>
         <kind>object</kind>
         <file>errata_SSWF021_45.obj</file>
         <name>errata_SSWF021_45.obj</name>
      </input_file>
      <input_file id="fl-5">
         <path>.\source\</path>
         <kind>object</kind>
         <file>esm.obj</file>
         <name>esm.obj</name>
      </input_file>
      <input_file id="fl-6">
         <path>.\source\</path>
         <kind>object</kind>
         <file>gio.obj</file>
         <name>gio.obj</name>
      </input_file>
      <input_file id="fl-7">
         <path>.\source\</path>
         <kind>object</kind>
         <file>het.obj</file>
         <name>het.obj</name>
      </input_file>
      <input_file id="fl-8">
         <path>.\source\</path>
         <kind>object</kind>
         <file>notification.obj</file>
         <name>notification.obj</name>
      </input_file>
      <input_file id="fl-9">
         <path>.\source\</path>
         <kind>object</kind>
         <file>pinmux.obj</file>
         <name>pinmux.obj</name>
      </input_file>
      <input_file id="fl-a">
         <path>.\source\</path>
         <kind>object</kind>
         <file>sci.obj</file>
         <name>sci.obj</name>
      </input_file>
      <input_file id="fl-b">
         <path>.\source\</path>
         <kind>object</kind>
         <file>spi.obj</file>
         <name>spi.obj</name>
      </input_file>
      <input_file id="fl-c">
         <path>.\source\</path>
         <kind>object</kind>
         <file>sys_core.obj</file>
         <name>sys_core.obj</name>
      </input_file>
      <input_file id="fl-d">
         <path>.\source\</path>
         <kind>object</kind>
         <file>sys_intvecs.obj</file>
         <name>sys_intvecs.obj</name>
      </input_file>
      <input_file id="fl-e">
         <path>.\source\</path>
         <kind>object</kind>
         <file>sys_main.obj</file>
         <name>sys_main.obj</name>
      </input_file>
      <input_file id="fl-f">
         <path>.\source\</path>
         <kind>object</kind>
         <file>sys_mpu.obj</file>
         <name>sys_mpu.obj</name>
      </input_file>
      <input_file id="fl-10">
         <path>.\source\</path>
         <kind>object</kind>
         <file>sys_pcr.obj</file>
         <name>sys_pcr.obj</name>
      </input_file>
      <input_file id="fl-11">
         <path>.\source\</path>
         <kind>object</kind>
         <file>sys_phantom.obj</file>
         <name>sys_phantom.obj</name>
      </input_file>
      <input_file id="fl-12">
         <path>.\source\</path>
         <kind>object</kind>
         <file>sys_pmu.obj</file>
         <name>sys_pmu.obj</name>
      </input_file>
      <input_file id="fl-13">
         <path>.\source\</path>
         <kind>object</kind>
         <file>sys_selftest.obj</file>
         <name>sys_selftest.obj</name>
      </input_file>
      <input_file id="fl-14">
         <path>.\source\</path>
         <kind>object</kind>
         <file>sys_startup.obj</file>
         <name>sys_startup.obj</name>
      </input_file>
      <input_file id="fl-15">
         <path>.\source\</path>
         <kind>object</kind>
         <file>sys_vim.obj</file>
         <name>sys_vim.obj</name>
      </input_file>
      <input_file id="fl-16">
         <path>.\source\</path>
         <kind>object</kind>
         <file>system.obj</file>
         <name>system.obj</name>
      </input_file>
      <input_file id="fl-1a">
         <kind>object</kind>
         <file>&lt;internal&gt;</file>
         <name>&lt;internal&gt;</name>
      </input_file>
      <input_file id="fl-d0">
         <path>C:\ti\ccs1281\ccs\tools\compiler\ti-cgt-arm_20.2.7.LTS\lib\</path>
         <kind>archive</kind>
         <file>rtsv7R4_A_be_eabi.lib</file>
         <name>s_floor.c.obj</name>
      </input_file>
      <input_file id="fl-d1">
         <path>C:\ti\ccs1281\ccs\tools\compiler\ti-cgt-arm_20.2.7.LTS\lib\</path>
         <kind>archive</kind>
         <file>rtsv7R4_A_be_eabi.lib</file>
         <name>fd_add32.asm.obj</name>
      </input_file>
      <input_file id="fl-d2">
         <path>C:\ti\ccs1281\ccs\tools\compiler\ti-cgt-arm_20.2.7.LTS\lib\</path>
         <kind>archive</kind>
         <file>rtsv7R4_A_be_eabi.lib</file>
         <name>fd_cmp32.asm.obj</name>
      </input_file>
      <input_file id="fl-d3">
         <path>C:\ti\ccs1281\ccs\tools\compiler\ti-cgt-arm_20.2.7.LTS\lib\</path>
         <kind>archive</kind>
         <file>rtsv7R4_A_be_eabi.lib</file>
         <name>fd_div32.asm.obj</name>
      </input_file>
      <input_file id="fl-d4">
         <path>C:\ti\ccs1281\ccs\tools\compiler\ti-cgt-arm_20.2.7.LTS\lib\</path>
         <kind>archive</kind>
         <file>rtsv7R4_A_be_eabi.lib</file>
         <name>fd_mul32.asm.obj</name>
      </input_file>
      <input_file id="fl-d5">
         <path>C:\ti\ccs1281\ccs\tools\compiler\ti-cgt-arm_20.2.7.LTS\lib\</path>
         <kind>archive</kind>
         <file>rtsv7R4_A_be_eabi.lib</file>
         <name>fd_tou32.asm.obj</name>
      </input_file>
      <input_file id="fl-d6">
         <path>C:\ti\ccs1281\ccs\tools\compiler\ti-cgt-arm_20.2.7.LTS\lib\</path>
         <kind>archive</kind>
         <file>rtsv7R4_A_be_eabi.lib</file>
         <name>memcpy32.asm.obj</name>
      </input_file>
      <input_file id="fl-d7">
         <path>C:\ti\ccs1281\ccs\tools\compiler\ti-cgt-arm_20.2.7.LTS\lib\</path>
         <kind>archive</kind>
         <file>rtsv7R4_A_be_eabi.lib</file>
         <name>u_tofd32.asm.obj</name>
      </input_file>
      <input_file id="fl-d8">
         <path>C:\ti\ccs1281\ccs\tools\compiler\ti-cgt-arm_20.2.7.LTS\lib\</path>
         <kind>archive</kind>
         <file>rtsv7R4_A_be_eabi.lib</file>
         <name>memset32.asm.obj</name>
      </input_file>
      <input_file id="fl-d9">
         <path>C:\ti\ccs1281\ccs\tools\compiler\ti-cgt-arm_20.2.7.LTS\lib\</path>
         <kind>archive</kind>
         <file>rtsv7R4_A_be_eabi.lib</file>
         <name>u_div32.asm.obj</name>
      </input_file>
      <input_file id="fl-da">
         <path>C:\ti\ccs1281\ccs\tools\compiler\ti-cgt-arm_20.2.7.LTS\lib\</path>
         <kind>archive</kind>
         <file>rtsv7R4_A_be_eabi.lib</file>
         <name>autoinit.c.obj</name>
      </input_file>
      <input_file id="fl-db">
         <path>C:\ti\ccs1281\ccs\tools\compiler\ti-cgt-arm_20.2.7.LTS\lib\</path>
         <kind>archive</kind>
         <file>rtsv7R4_A_be_eabi.lib</file>
         <name>cpy_tbl.c.obj</name>
      </input_file>
      <input_file id="fl-dc">
         <path>C:\ti\ccs1281\ccs\tools\compiler\ti-cgt-arm_20.2.7.LTS\lib\</path>
         <kind>archive</kind>
         <file>rtsv7R4_A_be_eabi.lib</file>
         <name>copy_zero_init.c.obj</name>
      </input_file>
      <input_file id="fl-dd">
         <path>C:\ti\ccs1281\ccs\tools\compiler\ti-cgt-arm_20.2.7.LTS\lib\</path>
         <kind>archive</kind>
         <file>rtsv7R4_A_be_eabi.lib</file>
         <name>copy_decompress_none.c.obj</name>
      </input_file>
      <input_file id="fl-de">
         <path>C:\ti\ccs1281\ccs\tools\compiler\ti-cgt-arm_20.2.7.LTS\lib\</path>
         <kind>archive</kind>
         <file>rtsv7R4_A_be_eabi.lib</file>
         <name>copy_decompress_lzss.c.obj</name>
      </input_file>
      <input_file id="fl-df">
         <path>C:\ti\ccs1281\ccs\tools\compiler\ti-cgt-arm_20.2.7.LTS\lib\</path>
         <kind>archive</kind>
         <file>rtsv7R4_A_be_eabi.lib</file>
         <name>exit.c.obj</name>
      </input_file>
      <input_file id="fl-e0">
         <path>C:\ti\ccs1281\ccs\tools\compiler\ti-cgt-arm_20.2.7.LTS\lib\</path>
         <kind>archive</kind>
         <file>rtsv7R4_A_be_eabi.lib</file>
         <name>_lock.c.obj</name>
      </input_file>
      <input_file id="fl-e1">
         <path>C:\ti\ccs1281\ccs\tools\compiler\ti-cgt-arm_20.2.7.LTS\lib\</path>
         <kind>archive</kind>
         <file>rtsv7R4_A_be_eabi.lib</file>
         <name>div0.asm.obj</name>
      </input_file>
   </input_file_list>
   <object_component_list>
      <object_component id="oc-2b">
         <name>.intvecs</name>
         <load_address>0x0</load_address>
         <run_address>0x0</run_address>
         <size>0x20</size>
         <input_file_ref idref="fl-d"/>
      </object_component>
      <object_component id="oc-7c">
         <name>.text</name>
         <load_address>0x20</load_address>
         <run_address>0x20</run_address>
         <size>0x24f0</size>
         <input_file_ref idref="fl-13"/>
      </object_component>
      <object_component id="oc-133">
         <name>.text</name>
         <load_address>0x2510</load_address>
         <run_address>0x2510</run_address>
         <size>0xae4</size>
         <input_file_ref idref="fl-b"/>
      </object_component>
      <object_component id="oc-76">
         <name>.text</name>
         <load_address>0x2ff4</load_address>
         <run_address>0x2ff4</run_address>
         <size>0xaa0</size>
         <input_file_ref idref="fl-16"/>
      </object_component>
      <object_component id="oc-127">
         <name>.text</name>
         <load_address>0x3a94</load_address>
         <run_address>0x3a94</run_address>
         <size>0x8fc</size>
         <input_file_ref idref="fl-7"/>
      </object_component>
      <object_component id="oc-37">
         <name>.text</name>
         <load_address>0x4390</load_address>
         <run_address>0x4390</run_address>
         <size>0x898</size>
         <input_file_ref idref="fl-15"/>
      </object_component>
      <object_component id="oc-12d">
         <name>.text</name>
         <load_address>0x4c28</load_address>
         <run_address>0x4c28</run_address>
         <size>0x6e4</size>
         <input_file_ref idref="fl-a"/>
      </object_component>
      <object_component id="oc-6a">
         <name>.text</name>
         <load_address>0x530c</load_address>
         <run_address>0x530c</run_address>
         <size>0x664</size>
         <input_file_ref idref="fl-4"/>
      </object_component>
      <object_component id="oc-82">
         <name>.text</name>
         <load_address>0x5970</load_address>
         <run_address>0x5970</run_address>
         <size>0x5bc</size>
         <input_file_ref idref="fl-5"/>
      </object_component>
      <object_component id="oc-121">
         <name>.text</name>
         <load_address>0x5f2c</load_address>
         <run_address>0x5f2c</run_address>
         <size>0x36c</size>
         <input_file_ref idref="fl-6"/>
      </object_component>
      <object_component id="oc-65">
         <name>.text</name>
         <load_address>0x6298</load_address>
         <run_address>0x6298</run_address>
         <size>0x2d0</size>
         <input_file_ref idref="fl-c"/>
      </object_component>
      <object_component id="oc-36">
         <name>.text:retain</name>
         <load_address>0x6568</load_address>
         <run_address>0x6568</run_address>
         <size>0x268</size>
         <input_file_ref idref="fl-15"/>
      </object_component>
      <object_component id="oc-1c">
         <name>.text:retain</name>
         <load_address>0x67d0</load_address>
         <run_address>0x67d0</run_address>
         <size>0x214</size>
         <input_file_ref idref="fl-14"/>
      </object_component>
      <object_component id="oc-21a">
         <name>.text</name>
         <load_address>0x69e4</load_address>
         <run_address>0x69e4</run_address>
         <size>0x214</size>
         <input_file_ref idref="fl-d1"/>
      </object_component>
      <object_component id="oc-1fe">
         <name>.text</name>
         <load_address>0x6bf8</load_address>
         <run_address>0x6bf8</run_address>
         <size>0x190</size>
         <input_file_ref idref="fl-d3"/>
      </object_component>
      <object_component id="oc-4d">
         <name>.text</name>
         <load_address>0x6d88</load_address>
         <run_address>0x6d88</run_address>
         <size>0x180</size>
         <input_file_ref idref="fl-d6"/>
      </object_component>
      <object_component id="oc-21f">
         <name>.text:floor</name>
         <load_address>0x6f08</load_address>
         <run_address>0x6f08</run_address>
         <size>0x158</size>
         <input_file_ref idref="fl-d0"/>
      </object_component>
      <object_component id="oc-db">
         <name>.text</name>
         <load_address>0x7060</load_address>
         <run_address>0x7060</run_address>
         <size>0x154</size>
         <input_file_ref idref="fl-9"/>
      </object_component>
      <object_component id="oc-1f9">
         <name>.text</name>
         <load_address>0x71b4</load_address>
         <run_address>0x71b4</run_address>
         <size>0x128</size>
         <input_file_ref idref="fl-d4"/>
      </object_component>
      <object_component id="oc-139">
         <name>.text</name>
         <load_address>0x72dc</load_address>
         <run_address>0x72dc</run_address>
         <size>0x108</size>
         <input_file_ref idref="fl-2"/>
      </object_component>
      <object_component id="oc-22">
         <name>.text:retain</name>
         <load_address>0x73e4</load_address>
         <run_address>0x73e4</run_address>
         <size>0xec</size>
         <input_file_ref idref="fl-5"/>
      </object_component>
      <object_component id="oc-a0">
         <name>.text</name>
         <load_address>0x74d0</load_address>
         <run_address>0x74d0</run_address>
         <size>0xe8</size>
         <input_file_ref idref="fl-3"/>
      </object_component>
      <object_component id="oc-91">
         <name>.text</name>
         <load_address>0x75b8</load_address>
         <run_address>0x75b8</run_address>
         <size>0xe4</size>
         <input_file_ref idref="fl-8"/>
      </object_component>
      <object_component id="oc-28a">
         <name>.text:__aeabi_cdrcmple</name>
         <load_address>0x769c</load_address>
         <run_address>0x769c</run_address>
         <size>0xe0</size>
         <input_file_ref idref="fl-d2"/>
      </object_component>
      <object_component id="oc-e3">
         <name>.text</name>
         <load_address>0x777c</load_address>
         <run_address>0x777c</run_address>
         <size>0xe0</size>
         <input_file_ref idref="fl-12"/>
      </object_component>
      <object_component id="oc-cd">
         <name>.text</name>
         <load_address>0x785c</load_address>
         <run_address>0x785c</run_address>
         <size>0xb0</size>
         <input_file_ref idref="fl-d8"/>
      </object_component>
      <object_component id="oc-89">
         <name>.text</name>
         <load_address>0x790c</load_address>
         <run_address>0x790c</run_address>
         <size>0xa8</size>
         <input_file_ref idref="fl-e"/>
      </object_component>
      <object_component id="oc-f1">
         <name>.text:__TI_auto_init_nobinit_nopinit:__TI_auto_init_nobinit_nopinit</name>
         <load_address>0x79b4</load_address>
         <run_address>0x79b4</run_address>
         <size>0x68</size>
         <input_file_ref idref="fl-da"/>
      </object_component>
      <object_component id="oc-203">
         <name>.text</name>
         <load_address>0x7a1c</load_address>
         <run_address>0x7a1c</run_address>
         <size>0x58</size>
         <input_file_ref idref="fl-d5"/>
      </object_component>
      <object_component id="oc-1f4">
         <name>.text</name>
         <load_address>0x7a74</load_address>
         <run_address>0x7a74</run_address>
         <size>0x50</size>
         <input_file_ref idref="fl-d9"/>
      </object_component>
      <object_component id="oc-208">
         <name>.text</name>
         <load_address>0x7ac4</load_address>
         <run_address>0x7ac4</run_address>
         <size>0x34</size>
         <input_file_ref idref="fl-d7"/>
      </object_component>
      <object_component id="oc-59">
         <name>.text:decompress:ZI:__TI_zero_init_nomemset:__TI_zero_init_nomemset</name>
         <load_address>0x7af8</load_address>
         <run_address>0x7af8</run_address>
         <size>0x28</size>
         <input_file_ref idref="fl-dc"/>
      </object_component>
      <object_component id="oc-150">
         <name>.text:abort:abort</name>
         <load_address>0x7b20</load_address>
         <run_address>0x7b20</run_address>
         <size>0x8</size>
         <input_file_ref idref="fl-df"/>
      </object_component>
      <object_component id="oc-30">
         <name>.text:retain</name>
         <load_address>0x7b28</load_address>
         <run_address>0x7b28</run_address>
         <size>0x4</size>
         <input_file_ref idref="fl-11"/>
      </object_component>
      <object_component id="oc-279">
         <name>.text</name>
         <load_address>0x7b2c</load_address>
         <run_address>0x7b2c</run_address>
         <size>0x4</size>
         <input_file_ref idref="fl-e1"/>
      </object_component>
      <object_component id="oc-70">
         <name>.text</name>
         <load_address>0x7b30</load_address>
         <run_address>0x7b30</run_address>
         <size>0x4</size>
         <input_file_ref idref="fl-14"/>
      </object_component>
      <object_component id="oc-20d">
         <name>.const:het1PROGRAM</name>
         <load_address>0x7b34</load_address>
         <run_address>0x7b34</run_address>
         <size>0x3a0</size>
         <input_file_ref idref="fl-7"/>
      </object_component>
      <object_component id="oc-28">
         <name>.const:s_vim_init</name>
         <load_address>0x7ed4</load_address>
         <run_address>0x7ed4</run_address>
         <size>0x180</size>
         <input_file_ref idref="fl-15"/>
      </object_component>
      <object_component id="oc-210">
         <name>.const:s_het1pwmPolarity</name>
         <load_address>0x8054</load_address>
         <run_address>0x8054</run_address>
         <size>0x20</size>
         <input_file_ref idref="fl-7"/>
      </object_component>
      <object_component id="oc-13f">
         <name>.const:$P$T1$1</name>
         <load_address>0x8074</load_address>
         <run_address>0x8074</run_address>
         <size>0x4</size>
         <input_file_ref idref="fl-e"/>
      </object_component>
      <object_component id="oc-302">
         <name>.cinit..bss.load</name>
         <load_address>0x8078</load_address>
         <run_address>0x8078</run_address>
         <size>0x8</size>
      </object_component>
      <object_component id="oc-300">
         <name>__TI_handler_table</name>
         <load_address>0x8080</load_address>
         <run_address>0x8080</run_address>
         <size>0x4</size>
      </object_component>
      <object_component id="oc-301">
         <name>__TI_cinit_table</name>
         <load_address>0x8084</load_address>
         <run_address>0x8084</run_address>
         <size>0x8</size>
      </object_component>
      <object_component id="oc-225">
         <name>.bss:g_sciTransfer_t</name>
         <uninitialized>true</uninitialized>
         <run_address>0x8001548</run_address>
         <size>0x14</size>
         <input_file_ref idref="fl-a"/>
      </object_component>
      <object_component id="oc-22a">
         <name>.bss:g_spiPacket_t</name>
         <uninitialized>true</uninitialized>
         <run_address>0x8001500</run_address>
         <size>0x48</size>
         <input_file_ref idref="fl-b"/>
      </object_component>
      <object_component id="oc-142">
         <name>.common:MPU</name>
         <uninitialized>true</uninitialized>
         <run_address>0x800155c</run_address>
         <size>0x8</size>
      </object_component>
      <object_component id="oc-230">
         <name>.debug_info</name>
         <load_address>0x0</load_address>
         <run_address>0x0</run_address>
         <size>0x257</size>
         <input_file_ref idref="fl-2"/>
      </object_component>
      <object_component id="oc-13b">
         <name>.debug_info</name>
         <load_address>0x257</load_address>
         <run_address>0x257</run_address>
         <size>0x477</size>
         <input_file_ref idref="fl-2"/>
      </object_component>
      <object_component id="oc-160">
         <name>.debug_info</name>
         <load_address>0x6ce</load_address>
         <run_address>0x6ce</run_address>
         <size>0x26b</size>
         <input_file_ref idref="fl-2"/>
      </object_component>
      <object_component id="oc-98">
         <name>.debug_info</name>
         <load_address>0x939</load_address>
         <run_address>0x939</run_address>
         <size>0x157</size>
         <input_file_ref idref="fl-2"/>
      </object_component>
      <object_component id="oc-146">
         <name>.debug_info</name>
         <load_address>0xa90</load_address>
         <run_address>0xa90</run_address>
         <size>0x375</size>
         <input_file_ref idref="fl-2"/>
      </object_component>
      <object_component id="oc-ad">
         <name>.debug_info</name>
         <load_address>0xe05</load_address>
         <run_address>0xe05</run_address>
         <size>0x8b</size>
         <input_file_ref idref="fl-2"/>
      </object_component>
      <object_component id="oc-244">
         <name>.debug_info</name>
         <load_address>0xe90</load_address>
         <run_address>0xe90</run_address>
         <size>0x2a4</size>
         <input_file_ref idref="fl-2"/>
      </object_component>
      <object_component id="oc-14b">
         <name>.debug_info</name>
         <load_address>0x1134</load_address>
         <run_address>0x1134</run_address>
         <size>0xbb</size>
         <input_file_ref idref="fl-2"/>
      </object_component>
      <object_component id="oc-b2">
         <name>.debug_info</name>
         <load_address>0x11ef</load_address>
         <run_address>0x11ef</run_address>
         <size>0x86</size>
         <input_file_ref idref="fl-2"/>
      </object_component>
      <object_component id="oc-16f">
         <name>.debug_info</name>
         <load_address>0x1275</load_address>
         <run_address>0x1275</run_address>
         <size>0x1f9</size>
         <input_file_ref idref="fl-2"/>
      </object_component>
      <object_component id="oc-235">
         <name>.debug_info</name>
         <load_address>0x146e</load_address>
         <run_address>0x146e</run_address>
         <size>0x62</size>
         <input_file_ref idref="fl-2"/>
      </object_component>
      <object_component id="oc-23f">
         <name>.debug_info</name>
         <load_address>0x14d0</load_address>
         <run_address>0x14d0</run_address>
         <size>0x26c</size>
         <input_file_ref idref="fl-2"/>
      </object_component>
      <object_component id="oc-a3">
         <name>.debug_info</name>
         <load_address>0x173c</load_address>
         <run_address>0x173c</run_address>
         <size>0x11a</size>
         <input_file_ref idref="fl-3"/>
      </object_component>
      <object_component id="oc-198">
         <name>.debug_info</name>
         <load_address>0x1856</load_address>
         <run_address>0x1856</run_address>
         <size>0x1ab</size>
         <input_file_ref idref="fl-4"/>
      </object_component>
      <object_component id="oc-6c">
         <name>.debug_info</name>
         <load_address>0x1a01</load_address>
         <run_address>0x1a01</run_address>
         <size>0x65a</size>
         <input_file_ref idref="fl-4"/>
      </object_component>
      <object_component id="oc-48">
         <name>.debug_info</name>
         <load_address>0x205b</load_address>
         <run_address>0x205b</run_address>
         <size>0x84</size>
         <input_file_ref idref="fl-4"/>
      </object_component>
      <object_component id="oc-d5">
         <name>.debug_info</name>
         <load_address>0x20df</load_address>
         <run_address>0x20df</run_address>
         <size>0x9e7</size>
         <input_file_ref idref="fl-4"/>
      </object_component>
      <object_component id="oc-f0">
         <name>.debug_info</name>
         <load_address>0x2ac6</load_address>
         <run_address>0x2ac6</run_address>
         <size>0x203</size>
         <input_file_ref idref="fl-5"/>
      </object_component>
      <object_component id="oc-84">
         <name>.debug_info</name>
         <load_address>0x2cc9</load_address>
         <run_address>0x2cc9</run_address>
         <size>0xb46</size>
         <input_file_ref idref="fl-5"/>
      </object_component>
      <object_component id="oc-25">
         <name>.debug_info</name>
         <load_address>0x380f</load_address>
         <run_address>0x380f</run_address>
         <size>0x1a6</size>
         <input_file_ref idref="fl-5"/>
      </object_component>
      <object_component id="oc-a8">
         <name>.debug_info</name>
         <load_address>0x39b5</load_address>
         <run_address>0x39b5</run_address>
         <size>0x18c</size>
         <input_file_ref idref="fl-5"/>
      </object_component>
      <object_component id="oc-165">
         <name>.debug_info</name>
         <load_address>0x3b41</load_address>
         <run_address>0x3b41</run_address>
         <size>0x1de</size>
         <input_file_ref idref="fl-5"/>
      </object_component>
      <object_component id="oc-eb">
         <name>.debug_info</name>
         <load_address>0x3d1f</load_address>
         <run_address>0x3d1f</run_address>
         <size>0x129</size>
         <input_file_ref idref="fl-5"/>
      </object_component>
      <object_component id="oc-17e">
         <name>.debug_info</name>
         <load_address>0x3e48</load_address>
         <run_address>0x3e48</run_address>
         <size>0x2cf</size>
         <input_file_ref idref="fl-5"/>
      </object_component>
      <object_component id="oc-1f3">
         <name>.debug_info</name>
         <load_address>0x4117</load_address>
         <run_address>0x4117</run_address>
         <size>0x186</size>
         <input_file_ref idref="fl-6"/>
      </object_component>
      <object_component id="oc-123">
         <name>.debug_info</name>
         <load_address>0x429d</load_address>
         <run_address>0x429d</run_address>
         <size>0x6f3</size>
         <input_file_ref idref="fl-6"/>
      </object_component>
      <object_component id="oc-274">
         <name>.debug_info</name>
         <load_address>0x4990</load_address>
         <run_address>0x4990</run_address>
         <size>0xda</size>
         <input_file_ref idref="fl-6"/>
      </object_component>
      <object_component id="oc-214">
         <name>.debug_info</name>
         <load_address>0x4a6a</load_address>
         <run_address>0x4a6a</run_address>
         <size>0x1e2</size>
         <input_file_ref idref="fl-7"/>
      </object_component>
      <object_component id="oc-211">
         <name>.debug_info</name>
         <load_address>0x4c4c</load_address>
         <run_address>0x4c4c</run_address>
         <size>0x109</size>
         <input_file_ref idref="fl-7"/>
      </object_component>
      <object_component id="oc-20e">
         <name>.debug_info</name>
         <load_address>0x4d55</load_address>
         <run_address>0x4d55</run_address>
         <size>0xfd</size>
         <input_file_ref idref="fl-7"/>
      </object_component>
      <object_component id="oc-128">
         <name>.debug_info</name>
         <load_address>0x4e52</load_address>
         <run_address>0x4e52</run_address>
         <size>0xeb7</size>
         <input_file_ref idref="fl-7"/>
      </object_component>
      <object_component id="oc-190">
         <name>.debug_info</name>
         <load_address>0x5d09</load_address>
         <run_address>0x5d09</run_address>
         <size>0x2c</size>
         <input_file_ref idref="fl-7"/>
      </object_component>
      <object_component id="oc-1ac">
         <name>.debug_info</name>
         <load_address>0x5d35</load_address>
         <run_address>0x5d35</run_address>
         <size>0x35</size>
         <input_file_ref idref="fl-7"/>
      </object_component>
      <object_component id="oc-1bb">
         <name>.debug_info</name>
         <load_address>0x5d6a</load_address>
         <run_address>0x5d6a</run_address>
         <size>0x3d3</size>
         <input_file_ref idref="fl-7"/>
      </object_component>
      <object_component id="oc-215">
         <name>.debug_info</name>
         <load_address>0x613d</load_address>
         <run_address>0x613d</run_address>
         <size>0x2e3</size>
         <input_file_ref idref="fl-7"/>
      </object_component>
      <object_component id="oc-15d">
         <name>.debug_info</name>
         <load_address>0x6420</load_address>
         <run_address>0x6420</run_address>
         <size>0x359</size>
         <input_file_ref idref="fl-8"/>
      </object_component>
      <object_component id="oc-94">
         <name>.debug_info</name>
         <load_address>0x6779</load_address>
         <run_address>0x6779</run_address>
         <size>0xa15</size>
         <input_file_ref idref="fl-8"/>
      </object_component>
      <object_component id="oc-19d">
         <name>.debug_info</name>
         <load_address>0x718e</load_address>
         <run_address>0x718e</run_address>
         <size>0x791</size>
         <input_file_ref idref="fl-8"/>
      </object_component>
      <object_component id="oc-1a2">
         <name>.debug_info</name>
         <load_address>0x791f</load_address>
         <run_address>0x791f</run_address>
         <size>0x4de</size>
         <input_file_ref idref="fl-8"/>
      </object_component>
      <object_component id="oc-1a7">
         <name>.debug_info</name>
         <load_address>0x7dfd</load_address>
         <run_address>0x7dfd</run_address>
         <size>0x3ce</size>
         <input_file_ref idref="fl-8"/>
      </object_component>
      <object_component id="oc-1b1">
         <name>.debug_info</name>
         <load_address>0x81cb</load_address>
         <run_address>0x81cb</run_address>
         <size>0x437</size>
         <input_file_ref idref="fl-8"/>
      </object_component>
      <object_component id="oc-1dc">
         <name>.debug_info</name>
         <load_address>0x8602</load_address>
         <run_address>0x8602</run_address>
         <size>0x37b</size>
         <input_file_ref idref="fl-8"/>
      </object_component>
      <object_component id="oc-1b6">
         <name>.debug_info</name>
         <load_address>0x897d</load_address>
         <run_address>0x897d</run_address>
         <size>0x1ca</size>
         <input_file_ref idref="fl-8"/>
      </object_component>
      <object_component id="oc-16a">
         <name>.debug_info</name>
         <load_address>0x8b47</load_address>
         <run_address>0x8b47</run_address>
         <size>0x435</size>
         <input_file_ref idref="fl-8"/>
      </object_component>
      <object_component id="oc-1cf">
         <name>.debug_info</name>
         <load_address>0x8f7c</load_address>
         <run_address>0x8f7c</run_address>
         <size>0x510</size>
         <input_file_ref idref="fl-8"/>
      </object_component>
      <object_component id="oc-1c5">
         <name>.debug_info</name>
         <load_address>0x948c</load_address>
         <run_address>0x948c</run_address>
         <size>0x1de</size>
         <input_file_ref idref="fl-8"/>
      </object_component>
      <object_component id="oc-23a">
         <name>.debug_info</name>
         <load_address>0x966a</load_address>
         <run_address>0x966a</run_address>
         <size>0x243</size>
         <input_file_ref idref="fl-8"/>
      </object_component>
      <object_component id="oc-29f">
         <name>.debug_info</name>
         <load_address>0x98ad</load_address>
         <run_address>0x98ad</run_address>
         <size>0x18e</size>
         <input_file_ref idref="fl-8"/>
      </object_component>
      <object_component id="oc-1d4">
         <name>.debug_info</name>
         <load_address>0x9a3b</load_address>
         <run_address>0x9a3b</run_address>
         <size>0x17a</size>
         <input_file_ref idref="fl-8"/>
      </object_component>
      <object_component id="oc-174">
         <name>.debug_info</name>
         <load_address>0x9bb5</load_address>
         <run_address>0x9bb5</run_address>
         <size>0x642</size>
         <input_file_ref idref="fl-8"/>
      </object_component>
      <object_component id="oc-179">
         <name>.debug_info</name>
         <load_address>0xa1f7</load_address>
         <run_address>0xa1f7</run_address>
         <size>0x13e</size>
         <input_file_ref idref="fl-8"/>
      </object_component>
      <object_component id="oc-19a">
         <name>.debug_info</name>
         <load_address>0xa335</load_address>
         <run_address>0xa335</run_address>
         <size>0x16d</size>
         <input_file_ref idref="fl-9"/>
      </object_component>
      <object_component id="oc-de">
         <name>.debug_info</name>
         <load_address>0xa4a2</load_address>
         <run_address>0xa4a2</run_address>
         <size>0x200</size>
         <input_file_ref idref="fl-9"/>
      </object_component>
      <object_component id="oc-1c0">
         <name>.debug_info</name>
         <load_address>0xa6a2</load_address>
         <run_address>0xa6a2</run_address>
         <size>0x1d8</size>
         <input_file_ref idref="fl-9"/>
      </object_component>
      <object_component id="oc-259">
         <name>.debug_info</name>
         <load_address>0xa87a</load_address>
         <run_address>0xa87a</run_address>
         <size>0xc6</size>
         <input_file_ref idref="fl-9"/>
      </object_component>
      <object_component id="oc-229">
         <name>.debug_info</name>
         <load_address>0xa940</load_address>
         <run_address>0xa940</run_address>
         <size>0x1c5</size>
         <input_file_ref idref="fl-a"/>
      </object_component>
      <object_component id="oc-226">
         <name>.debug_info</name>
         <load_address>0xab05</load_address>
         <run_address>0xab05</run_address>
         <size>0x105</size>
         <input_file_ref idref="fl-a"/>
      </object_component>
      <object_component id="oc-12e">
         <name>.debug_info</name>
         <load_address>0xac0a</load_address>
         <run_address>0xac0a</run_address>
         <size>0xc57</size>
         <input_file_ref idref="fl-a"/>
      </object_component>
      <object_component id="oc-29a">
         <name>.debug_info</name>
         <load_address>0xb861</load_address>
         <run_address>0xb861</run_address>
         <size>0x91</size>
         <input_file_ref idref="fl-a"/>
      </object_component>
      <object_component id="oc-22e">
         <name>.debug_info</name>
         <load_address>0xb8f2</load_address>
         <run_address>0xb8f2</run_address>
         <size>0x1bd</size>
         <input_file_ref idref="fl-b"/>
      </object_component>
      <object_component id="oc-22b">
         <name>.debug_info</name>
         <load_address>0xbaaf</load_address>
         <run_address>0xbaaf</run_address>
         <size>0x101</size>
         <input_file_ref idref="fl-b"/>
      </object_component>
      <object_component id="oc-136">
         <name>.debug_info</name>
         <load_address>0xbbb0</load_address>
         <run_address>0xbbb0</run_address>
         <size>0xf92</size>
         <input_file_ref idref="fl-b"/>
      </object_component>
      <object_component id="oc-2a8">
         <name>.debug_info</name>
         <load_address>0xcb42</load_address>
         <run_address>0xcb42</run_address>
         <size>0xb9</size>
         <input_file_ref idref="fl-b"/>
      </object_component>
      <object_component id="oc-67">
         <name>.debug_info</name>
         <load_address>0xcbfb</load_address>
         <run_address>0xcbfb</run_address>
         <size>0x79b</size>
         <input_file_ref idref="fl-c"/>
      </object_component>
      <object_component id="oc-2d">
         <name>.debug_info</name>
         <load_address>0xd396</load_address>
         <run_address>0xd396</run_address>
         <size>0x122</size>
         <input_file_ref idref="fl-d"/>
      </object_component>
      <object_component id="oc-143">
         <name>.debug_info</name>
         <load_address>0xd4b8</load_address>
         <run_address>0xd4b8</run_address>
         <size>0x2d7</size>
         <input_file_ref idref="fl-e"/>
      </object_component>
      <object_component id="oc-140">
         <name>.debug_info</name>
         <load_address>0xd78f</load_address>
         <run_address>0xd78f</run_address>
         <size>0xfa</size>
         <input_file_ref idref="fl-e"/>
      </object_component>
      <object_component id="oc-8a">
         <name>.debug_info</name>
         <load_address>0xd889</load_address>
         <run_address>0xd889</run_address>
         <size>0x275</size>
         <input_file_ref idref="fl-e"/>
      </object_component>
      <object_component id="oc-25e">
         <name>.debug_info</name>
         <load_address>0xdafe</load_address>
         <run_address>0xdafe</run_address>
         <size>0x18c</size>
         <input_file_ref idref="fl-10"/>
      </object_component>
      <object_component id="oc-2bf">
         <name>.debug_info</name>
         <load_address>0xdc8a</load_address>
         <run_address>0xdc8a</run_address>
         <size>0x242</size>
         <input_file_ref idref="fl-10"/>
      </object_component>
      <object_component id="oc-1ca">
         <name>.debug_info</name>
         <load_address>0xdecc</load_address>
         <run_address>0xdecc</run_address>
         <size>0x2af</size>
         <input_file_ref idref="fl-10"/>
      </object_component>
      <object_component id="oc-31">
         <name>.debug_info</name>
         <load_address>0xe17b</load_address>
         <run_address>0xe17b</run_address>
         <size>0x157</size>
         <input_file_ref idref="fl-11"/>
      </object_component>
      <object_component id="oc-e6">
         <name>.debug_info</name>
         <load_address>0xe2d2</load_address>
         <run_address>0xe2d2</run_address>
         <size>0x381</size>
         <input_file_ref idref="fl-12"/>
      </object_component>
      <object_component id="oc-e9">
         <name>.debug_info</name>
         <load_address>0xe653</load_address>
         <run_address>0xe653</run_address>
         <size>0x554</size>
         <input_file_ref idref="fl-13"/>
      </object_component>
      <object_component id="oc-7d">
         <name>.debug_info</name>
         <load_address>0xeba7</load_address>
         <run_address>0xeba7</run_address>
         <size>0x281c</size>
         <input_file_ref idref="fl-13"/>
      </object_component>
      <object_component id="oc-1d">
         <name>.debug_info</name>
         <load_address>0x113c3</load_address>
         <run_address>0x113c3</run_address>
         <size>0x53e</size>
         <input_file_ref idref="fl-14"/>
      </object_component>
      <object_component id="oc-71">
         <name>.debug_info</name>
         <load_address>0x11901</load_address>
         <run_address>0x11901</run_address>
         <size>0x150</size>
         <input_file_ref idref="fl-14"/>
      </object_component>
      <object_component id="oc-9f">
         <name>.debug_info</name>
         <load_address>0x11a51</load_address>
         <run_address>0x11a51</run_address>
         <size>0x32a</size>
         <input_file_ref idref="fl-15"/>
      </object_component>
      <object_component id="oc-29">
         <name>.debug_info</name>
         <load_address>0x11d7b</load_address>
         <run_address>0x11d7b</run_address>
         <size>0xff</size>
         <input_file_ref idref="fl-15"/>
      </object_component>
      <object_component id="oc-38">
         <name>.debug_info</name>
         <load_address>0x11e7a</load_address>
         <run_address>0x11e7a</run_address>
         <size>0x491</size>
         <input_file_ref idref="fl-15"/>
      </object_component>
      <object_component id="oc-3e">
         <name>.debug_info</name>
         <load_address>0x1230b</load_address>
         <run_address>0x1230b</run_address>
         <size>0x21a</size>
         <input_file_ref idref="fl-15"/>
      </object_component>
      <object_component id="oc-183">
         <name>.debug_info</name>
         <load_address>0x12525</load_address>
         <run_address>0x12525</run_address>
         <size>0x4f</size>
         <input_file_ref idref="fl-15"/>
      </object_component>
      <object_component id="oc-e2">
         <name>.debug_info</name>
         <load_address>0x12574</load_address>
         <run_address>0x12574</run_address>
         <size>0x400</size>
         <input_file_ref idref="fl-16"/>
      </object_component>
      <object_component id="oc-78">
         <name>.debug_info</name>
         <load_address>0x12974</load_address>
         <run_address>0x12974</run_address>
         <size>0x7f4</size>
         <input_file_ref idref="fl-16"/>
      </object_component>
      <object_component id="oc-295">
         <name>.debug_info</name>
         <load_address>0x13168</load_address>
         <run_address>0x13168</run_address>
         <size>0x125</size>
         <input_file_ref idref="fl-d0"/>
      </object_component>
      <object_component id="oc-220">
         <name>.debug_info</name>
         <load_address>0x1328d</load_address>
         <run_address>0x1328d</run_address>
         <size>0x1f7</size>
         <input_file_ref idref="fl-d0"/>
      </object_component>
      <object_component id="oc-2d2">
         <name>.debug_info</name>
         <load_address>0x13484</load_address>
         <run_address>0x13484</run_address>
         <size>0x46</size>
         <input_file_ref idref="fl-d0"/>
      </object_component>
      <object_component id="oc-290">
         <name>.debug_info</name>
         <load_address>0x134ca</load_address>
         <run_address>0x134ca</run_address>
         <size>0x39</size>
         <input_file_ref idref="fl-d0"/>
      </object_component>
      <object_component id="oc-21d">
         <name>.debug_info</name>
         <load_address>0x13503</load_address>
         <run_address>0x13503</run_address>
         <size>0x131</size>
         <input_file_ref idref="fl-d1"/>
      </object_component>
      <object_component id="oc-28d">
         <name>.debug_info</name>
         <load_address>0x13634</load_address>
         <run_address>0x13634</run_address>
         <size>0xfa</size>
         <input_file_ref idref="fl-d2"/>
      </object_component>
      <object_component id="oc-200">
         <name>.debug_info</name>
         <load_address>0x1372e</load_address>
         <run_address>0x1372e</run_address>
         <size>0x116</size>
         <input_file_ref idref="fl-d3"/>
      </object_component>
      <object_component id="oc-1fb">
         <name>.debug_info</name>
         <load_address>0x13844</load_address>
         <run_address>0x13844</run_address>
         <size>0x116</size>
         <input_file_ref idref="fl-d4"/>
      </object_component>
      <object_component id="oc-204">
         <name>.debug_info</name>
         <load_address>0x1395a</load_address>
         <run_address>0x1395a</run_address>
         <size>0x10f</size>
         <input_file_ref idref="fl-d5"/>
      </object_component>
      <object_component id="oc-4e">
         <name>.debug_info</name>
         <load_address>0x13a69</load_address>
         <run_address>0x13a69</run_address>
         <size>0x152</size>
         <input_file_ref idref="fl-d6"/>
      </object_component>
      <object_component id="oc-209">
         <name>.debug_info</name>
         <load_address>0x13bbb</load_address>
         <run_address>0x13bbb</run_address>
         <size>0xfb</size>
         <input_file_ref idref="fl-d7"/>
      </object_component>
      <object_component id="oc-ce">
         <name>.debug_info</name>
         <load_address>0x13cb6</load_address>
         <run_address>0x13cb6</run_address>
         <size>0x11a</size>
         <input_file_ref idref="fl-d8"/>
      </object_component>
      <object_component id="oc-1f6">
         <name>.debug_info</name>
         <load_address>0x13dd0</load_address>
         <run_address>0x13dd0</run_address>
         <size>0x11f</size>
         <input_file_ref idref="fl-d9"/>
      </object_component>
      <object_component id="oc-1e4">
         <name>.debug_info</name>
         <load_address>0x13eef</load_address>
         <run_address>0x13eef</run_address>
         <size>0x353</size>
         <input_file_ref idref="fl-da"/>
      </object_component>
      <object_component id="oc-f2">
         <name>.debug_info</name>
         <load_address>0x14242</load_address>
         <run_address>0x14242</run_address>
         <size>0x174</size>
         <input_file_ref idref="fl-da"/>
      </object_component>
      <object_component id="oc-261">
         <name>.debug_info</name>
         <load_address>0x143b6</load_address>
         <run_address>0x143b6</run_address>
         <size>0x39</size>
         <input_file_ref idref="fl-da"/>
      </object_component>
      <object_component id="oc-2c4">
         <name>.debug_info</name>
         <load_address>0x143ef</load_address>
         <run_address>0x143ef</run_address>
         <size>0x39</size>
         <input_file_ref idref="fl-da"/>
      </object_component>
      <object_component id="oc-266">
         <name>.debug_info</name>
         <load_address>0x14428</load_address>
         <run_address>0x14428</run_address>
         <size>0x39</size>
         <input_file_ref idref="fl-da"/>
      </object_component>
      <object_component id="oc-26b">
         <name>.debug_info</name>
         <load_address>0x14461</load_address>
         <run_address>0x14461</run_address>
         <size>0xcd</size>
         <input_file_ref idref="fl-da"/>
      </object_component>
      <object_component id="oc-cc">
         <name>.debug_info</name>
         <load_address>0x1452e</load_address>
         <run_address>0x1452e</run_address>
         <size>0x16f</size>
         <input_file_ref idref="fl-dc"/>
      </object_component>
      <object_component id="oc-5a">
         <name>.debug_info</name>
         <load_address>0x1469d</load_address>
         <run_address>0x1469d</run_address>
         <size>0x1a0</size>
         <input_file_ref idref="fl-dc"/>
      </object_component>
      <object_component id="oc-c7">
         <name>.debug_info</name>
         <load_address>0x1483d</load_address>
         <run_address>0x1483d</run_address>
         <size>0x46</size>
         <input_file_ref idref="fl-dc"/>
      </object_component>
      <object_component id="oc-152">
         <name>.debug_info</name>
         <load_address>0x14883</load_address>
         <run_address>0x14883</run_address>
         <size>0xf0</size>
         <input_file_ref idref="fl-df"/>
      </object_component>
      <object_component id="oc-27a">
         <name>.debug_info</name>
         <load_address>0x14973</load_address>
         <run_address>0x14973</run_address>
         <size>0xe3</size>
         <input_file_ref idref="fl-e1"/>
      </object_component>
      <object_component id="oc-304">
         <name>.debug_info</name>
         <load_address>0x14a56</load_address>
         <run_address>0x14a56</run_address>
         <size>0xc1</size>
      </object_component>
      <object_component id="oc-2ae">
         <name>.debug_line</name>
         <load_address>0x0</load_address>
         <run_address>0x0</run_address>
         <size>0x7e</size>
         <input_file_ref idref="fl-2"/>
      </object_component>
      <object_component id="oc-13a">
         <name>.debug_line</name>
         <load_address>0x7e</load_address>
         <run_address>0x7e</run_address>
         <size>0x8b</size>
         <input_file_ref idref="fl-2"/>
      </object_component>
      <object_component id="oc-163">
         <name>.debug_line</name>
         <load_address>0x109</load_address>
         <run_address>0x109</run_address>
         <size>0x6f</size>
         <input_file_ref idref="fl-2"/>
      </object_component>
      <object_component id="oc-9b">
         <name>.debug_line</name>
         <load_address>0x178</load_address>
         <run_address>0x178</run_address>
         <size>0x87</size>
         <input_file_ref idref="fl-2"/>
      </object_component>
      <object_component id="oc-149">
         <name>.debug_line</name>
         <load_address>0x1ff</load_address>
         <run_address>0x1ff</run_address>
         <size>0x7e</size>
         <input_file_ref idref="fl-2"/>
      </object_component>
      <object_component id="oc-b0">
         <name>.debug_line</name>
         <load_address>0x27d</load_address>
         <run_address>0x27d</run_address>
         <size>0x20</size>
         <input_file_ref idref="fl-2"/>
      </object_component>
      <object_component id="oc-247">
         <name>.debug_line</name>
         <load_address>0x29d</load_address>
         <run_address>0x29d</run_address>
         <size>0x73</size>
         <input_file_ref idref="fl-2"/>
      </object_component>
      <object_component id="oc-14e">
         <name>.debug_line</name>
         <load_address>0x310</load_address>
         <run_address>0x310</run_address>
         <size>0x70</size>
         <input_file_ref idref="fl-2"/>
      </object_component>
      <object_component id="oc-b5">
         <name>.debug_line</name>
         <load_address>0x380</load_address>
         <run_address>0x380</run_address>
         <size>0x85</size>
         <input_file_ref idref="fl-2"/>
      </object_component>
      <object_component id="oc-172">
         <name>.debug_line</name>
         <load_address>0x405</load_address>
         <run_address>0x405</run_address>
         <size>0x82</size>
         <input_file_ref idref="fl-2"/>
      </object_component>
      <object_component id="oc-238">
         <name>.debug_line</name>
         <load_address>0x487</load_address>
         <run_address>0x487</run_address>
         <size>0x38</size>
         <input_file_ref idref="fl-2"/>
      </object_component>
      <object_component id="oc-242">
         <name>.debug_line</name>
         <load_address>0x4bf</load_address>
         <run_address>0x4bf</run_address>
         <size>0x82</size>
         <input_file_ref idref="fl-2"/>
      </object_component>
      <object_component id="oc-a1">
         <name>.debug_line</name>
         <load_address>0x541</load_address>
         <run_address>0x541</run_address>
         <size>0x78</size>
         <input_file_ref idref="fl-3"/>
      </object_component>
      <object_component id="oc-256">
         <name>.debug_line</name>
         <load_address>0x5b9</load_address>
         <run_address>0x5b9</run_address>
         <size>0x20</size>
         <input_file_ref idref="fl-4"/>
      </object_component>
      <object_component id="oc-6f">
         <name>.debug_line</name>
         <load_address>0x5d9</load_address>
         <run_address>0x5d9</run_address>
         <size>0x1ea</size>
         <input_file_ref idref="fl-4"/>
      </object_component>
      <object_component id="oc-4b">
         <name>.debug_line</name>
         <load_address>0x7c3</load_address>
         <run_address>0x7c3</run_address>
         <size>0x20</size>
         <input_file_ref idref="fl-4"/>
      </object_component>
      <object_component id="oc-d8">
         <name>.debug_line</name>
         <load_address>0x7e3</load_address>
         <run_address>0x7e3</run_address>
         <size>0x91</size>
         <input_file_ref idref="fl-4"/>
      </object_component>
      <object_component id="oc-1e2">
         <name>.debug_line</name>
         <load_address>0x874</load_address>
         <run_address>0x874</run_address>
         <size>0x7e</size>
         <input_file_ref idref="fl-5"/>
      </object_component>
      <object_component id="oc-87">
         <name>.debug_line</name>
         <load_address>0x8f2</load_address>
         <run_address>0x8f2</run_address>
         <size>0x26b</size>
         <input_file_ref idref="fl-5"/>
      </object_component>
      <object_component id="oc-23">
         <name>.debug_line</name>
         <load_address>0xb5d</load_address>
         <run_address>0xb5d</run_address>
         <size>0x63</size>
         <input_file_ref idref="fl-5"/>
      </object_component>
      <object_component id="oc-ab">
         <name>.debug_line</name>
         <load_address>0xbc0</load_address>
         <run_address>0xbc0</run_address>
         <size>0x82</size>
         <input_file_ref idref="fl-5"/>
      </object_component>
      <object_component id="oc-168">
         <name>.debug_line</name>
         <load_address>0xc42</load_address>
         <run_address>0xc42</run_address>
         <size>0x82</size>
         <input_file_ref idref="fl-5"/>
      </object_component>
      <object_component id="oc-ee">
         <name>.debug_line</name>
         <load_address>0xcc4</load_address>
         <run_address>0xcc4</run_address>
         <size>0x7e</size>
         <input_file_ref idref="fl-5"/>
      </object_component>
      <object_component id="oc-181">
         <name>.debug_line</name>
         <load_address>0xd42</load_address>
         <run_address>0xd42</run_address>
         <size>0x82</size>
         <input_file_ref idref="fl-5"/>
      </object_component>
      <object_component id="oc-273">
         <name>.debug_line</name>
         <load_address>0xdc4</load_address>
         <run_address>0xdc4</run_address>
         <size>0x20</size>
         <input_file_ref idref="fl-6"/>
      </object_component>
      <object_component id="oc-122">
         <name>.debug_line</name>
         <load_address>0xde4</load_address>
         <run_address>0xde4</run_address>
         <size>0x16a</size>
         <input_file_ref idref="fl-6"/>
      </object_component>
      <object_component id="oc-277">
         <name>.debug_line</name>
         <load_address>0xf4e</load_address>
         <run_address>0xf4e</run_address>
         <size>0x7e</size>
         <input_file_ref idref="fl-6"/>
      </object_component>
      <object_component id="oc-288">
         <name>.debug_line</name>
         <load_address>0xfcc</load_address>
         <run_address>0xfcc</run_address>
         <size>0x20</size>
         <input_file_ref idref="fl-7"/>
      </object_component>
      <object_component id="oc-286">
         <name>.debug_line</name>
         <load_address>0xfec</load_address>
         <run_address>0xfec</run_address>
         <size>0x33</size>
         <input_file_ref idref="fl-7"/>
      </object_component>
      <object_component id="oc-284">
         <name>.debug_line</name>
         <load_address>0x101f</load_address>
         <run_address>0x101f</run_address>
         <size>0x33</size>
         <input_file_ref idref="fl-7"/>
      </object_component>
      <object_component id="oc-12b">
         <name>.debug_line</name>
         <load_address>0x1052</load_address>
         <run_address>0x1052</run_address>
         <size>0x28b</size>
         <input_file_ref idref="fl-7"/>
      </object_component>
      <object_component id="oc-193">
         <name>.debug_line</name>
         <load_address>0x12dd</load_address>
         <run_address>0x12dd</run_address>
         <size>0x6b</size>
         <input_file_ref idref="fl-7"/>
      </object_component>
      <object_component id="oc-1af">
         <name>.debug_line</name>
         <load_address>0x1348</load_address>
         <run_address>0x1348</run_address>
         <size>0x74</size>
         <input_file_ref idref="fl-7"/>
      </object_component>
      <object_component id="oc-1be">
         <name>.debug_line</name>
         <load_address>0x13bc</load_address>
         <run_address>0x13bc</run_address>
         <size>0x82</size>
         <input_file_ref idref="fl-7"/>
      </object_component>
      <object_component id="oc-218">
         <name>.debug_line</name>
         <load_address>0x143e</load_address>
         <run_address>0x143e</run_address>
         <size>0x7e</size>
         <input_file_ref idref="fl-7"/>
      </object_component>
      <object_component id="oc-254">
         <name>.debug_line</name>
         <load_address>0x14bc</load_address>
         <run_address>0x14bc</run_address>
         <size>0x20</size>
         <input_file_ref idref="fl-8"/>
      </object_component>
      <object_component id="oc-92">
         <name>.debug_line</name>
         <load_address>0x14dc</load_address>
         <run_address>0x14dc</run_address>
         <size>0x12a</size>
         <input_file_ref idref="fl-8"/>
      </object_component>
      <object_component id="oc-1a0">
         <name>.debug_line</name>
         <load_address>0x1606</load_address>
         <run_address>0x1606</run_address>
         <size>0x82</size>
         <input_file_ref idref="fl-8"/>
      </object_component>
      <object_component id="oc-1a5">
         <name>.debug_line</name>
         <load_address>0x1688</load_address>
         <run_address>0x1688</run_address>
         <size>0x85</size>
         <input_file_ref idref="fl-8"/>
      </object_component>
      <object_component id="oc-1aa">
         <name>.debug_line</name>
         <load_address>0x170d</load_address>
         <run_address>0x170d</run_address>
         <size>0x82</size>
         <input_file_ref idref="fl-8"/>
      </object_component>
      <object_component id="oc-1b4">
         <name>.debug_line</name>
         <load_address>0x178f</load_address>
         <run_address>0x178f</run_address>
         <size>0x82</size>
         <input_file_ref idref="fl-8"/>
      </object_component>
      <object_component id="oc-1df">
         <name>.debug_line</name>
         <load_address>0x1811</load_address>
         <run_address>0x1811</run_address>
         <size>0x87</size>
         <input_file_ref idref="fl-8"/>
      </object_component>
      <object_component id="oc-1b9">
         <name>.debug_line</name>
         <load_address>0x1898</load_address>
         <run_address>0x1898</run_address>
         <size>0x82</size>
         <input_file_ref idref="fl-8"/>
      </object_component>
      <object_component id="oc-16d">
         <name>.debug_line</name>
         <load_address>0x191a</load_address>
         <run_address>0x191a</run_address>
         <size>0x84</size>
         <input_file_ref idref="fl-8"/>
      </object_component>
      <object_component id="oc-1d2">
         <name>.debug_line</name>
         <load_address>0x199e</load_address>
         <run_address>0x199e</run_address>
         <size>0x81</size>
         <input_file_ref idref="fl-8"/>
      </object_component>
      <object_component id="oc-1c8">
         <name>.debug_line</name>
         <load_address>0x1a1f</load_address>
         <run_address>0x1a1f</run_address>
         <size>0x84</size>
         <input_file_ref idref="fl-8"/>
      </object_component>
      <object_component id="oc-23d">
         <name>.debug_line</name>
         <load_address>0x1aa3</load_address>
         <run_address>0x1aa3</run_address>
         <size>0x82</size>
         <input_file_ref idref="fl-8"/>
      </object_component>
      <object_component id="oc-2a2">
         <name>.debug_line</name>
         <load_address>0x1b25</load_address>
         <run_address>0x1b25</run_address>
         <size>0x7e</size>
         <input_file_ref idref="fl-8"/>
      </object_component>
      <object_component id="oc-1d7">
         <name>.debug_line</name>
         <load_address>0x1ba3</load_address>
         <run_address>0x1ba3</run_address>
         <size>0x82</size>
         <input_file_ref idref="fl-8"/>
      </object_component>
      <object_component id="oc-177">
         <name>.debug_line</name>
         <load_address>0x1c25</load_address>
         <run_address>0x1c25</run_address>
         <size>0x85</size>
         <input_file_ref idref="fl-8"/>
      </object_component>
      <object_component id="oc-17c">
         <name>.debug_line</name>
         <load_address>0x1caa</load_address>
         <run_address>0x1caa</run_address>
         <size>0x84</size>
         <input_file_ref idref="fl-8"/>
      </object_component>
      <object_component id="oc-258">
         <name>.debug_line</name>
         <load_address>0x1d2e</load_address>
         <run_address>0x1d2e</run_address>
         <size>0x20</size>
         <input_file_ref idref="fl-9"/>
      </object_component>
      <object_component id="oc-dd">
         <name>.debug_line</name>
         <load_address>0x1d4e</load_address>
         <run_address>0x1d4e</run_address>
         <size>0x80</size>
         <input_file_ref idref="fl-9"/>
      </object_component>
      <object_component id="oc-1c3">
         <name>.debug_line</name>
         <load_address>0x1dce</load_address>
         <run_address>0x1dce</run_address>
         <size>0x85</size>
         <input_file_ref idref="fl-9"/>
      </object_component>
      <object_component id="oc-25c">
         <name>.debug_line</name>
         <load_address>0x1e53</load_address>
         <run_address>0x1e53</run_address>
         <size>0x81</size>
         <input_file_ref idref="fl-9"/>
      </object_component>
      <object_component id="oc-299">
         <name>.debug_line</name>
         <load_address>0x1ed4</load_address>
         <run_address>0x1ed4</run_address>
         <size>0x69</size>
         <input_file_ref idref="fl-a"/>
      </object_component>
      <object_component id="oc-297">
         <name>.debug_line</name>
         <load_address>0x1f3d</load_address>
         <run_address>0x1f3d</run_address>
         <size>0x33</size>
         <input_file_ref idref="fl-a"/>
      </object_component>
      <object_component id="oc-131">
         <name>.debug_line</name>
         <load_address>0x1f70</load_address>
         <run_address>0x1f70</run_address>
         <size>0x2a0</size>
         <input_file_ref idref="fl-a"/>
      </object_component>
      <object_component id="oc-29d">
         <name>.debug_line</name>
         <load_address>0x2210</load_address>
         <run_address>0x2210</run_address>
         <size>0x33</size>
         <input_file_ref idref="fl-a"/>
      </object_component>
      <object_component id="oc-2a7">
         <name>.debug_line</name>
         <load_address>0x2243</load_address>
         <run_address>0x2243</run_address>
         <size>0x20</size>
         <input_file_ref idref="fl-b"/>
      </object_component>
      <object_component id="oc-2a5">
         <name>.debug_line</name>
         <load_address>0x2263</load_address>
         <run_address>0x2263</run_address>
         <size>0x33</size>
         <input_file_ref idref="fl-b"/>
      </object_component>
      <object_component id="oc-138">
         <name>.debug_line</name>
         <load_address>0x2296</load_address>
         <run_address>0x2296</run_address>
         <size>0x2dd</size>
         <input_file_ref idref="fl-b"/>
      </object_component>
      <object_component id="oc-2ab">
         <name>.debug_line</name>
         <load_address>0x2573</load_address>
         <run_address>0x2573</run_address>
         <size>0x33</size>
         <input_file_ref idref="fl-b"/>
      </object_component>
      <object_component id="oc-66">
         <name>.debug_line</name>
         <load_address>0x25a6</load_address>
         <run_address>0x25a6</run_address>
         <size>0x2a5</size>
         <input_file_ref idref="fl-c"/>
      </object_component>
      <object_component id="oc-2f">
         <name>.debug_line</name>
         <load_address>0x284b</load_address>
         <run_address>0x284b</run_address>
         <size>0x4f</size>
         <input_file_ref idref="fl-d"/>
      </object_component>
      <object_component id="oc-234">
         <name>.debug_line</name>
         <load_address>0x289a</load_address>
         <run_address>0x289a</run_address>
         <size>0x212</size>
         <input_file_ref idref="fl-e"/>
      </object_component>
      <object_component id="oc-232">
         <name>.debug_line</name>
         <load_address>0x2aac</load_address>
         <run_address>0x2aac</run_address>
         <size>0x38</size>
         <input_file_ref idref="fl-e"/>
      </object_component>
      <object_component id="oc-8d">
         <name>.debug_line</name>
         <load_address>0x2ae4</load_address>
         <run_address>0x2ae4</run_address>
         <size>0x78</size>
         <input_file_ref idref="fl-e"/>
      </object_component>
      <object_component id="oc-2be">
         <name>.debug_line</name>
         <load_address>0x2b5c</load_address>
         <run_address>0x2b5c</run_address>
         <size>0x20</size>
         <input_file_ref idref="fl-10"/>
      </object_component>
      <object_component id="oc-2c2">
         <name>.debug_line</name>
         <load_address>0x2b7c</load_address>
         <run_address>0x2b7c</run_address>
         <size>0x82</size>
         <input_file_ref idref="fl-10"/>
      </object_component>
      <object_component id="oc-1cd">
         <name>.debug_line</name>
         <load_address>0x2bfe</load_address>
         <run_address>0x2bfe</run_address>
         <size>0x82</size>
         <input_file_ref idref="fl-10"/>
      </object_component>
      <object_component id="oc-34">
         <name>.debug_line</name>
         <load_address>0x2c80</load_address>
         <run_address>0x2c80</run_address>
         <size>0x4b</size>
         <input_file_ref idref="fl-11"/>
      </object_component>
      <object_component id="oc-e4">
         <name>.debug_line</name>
         <load_address>0x2ccb</load_address>
         <run_address>0x2ccb</run_address>
         <size>0x125</size>
         <input_file_ref idref="fl-12"/>
      </object_component>
      <object_component id="oc-1db">
         <name>.debug_line</name>
         <load_address>0x2df0</load_address>
         <run_address>0x2df0</run_address>
         <size>0x14c</size>
         <input_file_ref idref="fl-13"/>
      </object_component>
      <object_component id="oc-80">
         <name>.debug_line</name>
         <load_address>0x2f3c</load_address>
         <run_address>0x2f3c</run_address>
         <size>0xe01</size>
         <input_file_ref idref="fl-13"/>
      </object_component>
      <object_component id="oc-20">
         <name>.debug_line</name>
         <load_address>0x3d3d</load_address>
         <run_address>0x3d3d</run_address>
         <size>0xd7</size>
         <input_file_ref idref="fl-14"/>
      </object_component>
      <object_component id="oc-74">
         <name>.debug_line</name>
         <load_address>0x3e14</load_address>
         <run_address>0x3e14</run_address>
         <size>0x50</size>
         <input_file_ref idref="fl-14"/>
      </object_component>
      <object_component id="oc-15f">
         <name>.debug_line</name>
         <load_address>0x3e64</load_address>
         <run_address>0x3e64</run_address>
         <size>0xe0</size>
         <input_file_ref idref="fl-15"/>
      </object_component>
      <object_component id="oc-9e">
         <name>.debug_line</name>
         <load_address>0x3f44</load_address>
         <run_address>0x3f44</run_address>
         <size>0x37</size>
         <input_file_ref idref="fl-15"/>
      </object_component>
      <object_component id="oc-3b">
         <name>.debug_line</name>
         <load_address>0x3f7b</load_address>
         <run_address>0x3f7b</run_address>
         <size>0x177</size>
         <input_file_ref idref="fl-15"/>
      </object_component>
      <object_component id="oc-3d">
         <name>.debug_line</name>
         <load_address>0x40f2</load_address>
         <run_address>0x40f2</run_address>
         <size>0x8a</size>
         <input_file_ref idref="fl-15"/>
      </object_component>
      <object_component id="oc-186">
         <name>.debug_line</name>
         <load_address>0x417c</load_address>
         <run_address>0x417c</run_address>
         <size>0x37</size>
         <input_file_ref idref="fl-15"/>
      </object_component>
      <object_component id="oc-19c">
         <name>.debug_line</name>
         <load_address>0x41b3</load_address>
         <run_address>0x41b3</run_address>
         <size>0x14b</size>
         <input_file_ref idref="fl-16"/>
      </object_component>
      <object_component id="oc-77">
         <name>.debug_line</name>
         <load_address>0x42fe</load_address>
         <run_address>0x42fe</run_address>
         <size>0x227</size>
         <input_file_ref idref="fl-16"/>
      </object_component>
      <object_component id="oc-2d8">
         <name>.debug_line</name>
         <load_address>0x4525</load_address>
         <run_address>0x4525</run_address>
         <size>0x20</size>
         <input_file_ref idref="fl-d0"/>
      </object_component>
      <object_component id="oc-223">
         <name>.debug_line</name>
         <load_address>0x4545</load_address>
         <run_address>0x4545</run_address>
         <size>0xbe</size>
         <input_file_ref idref="fl-d0"/>
      </object_component>
      <object_component id="oc-2d5">
         <name>.debug_line</name>
         <load_address>0x4603</load_address>
         <run_address>0x4603</run_address>
         <size>0x6a</size>
         <input_file_ref idref="fl-d0"/>
      </object_component>
      <object_component id="oc-293">
         <name>.debug_line</name>
         <load_address>0x466d</load_address>
         <run_address>0x466d</run_address>
         <size>0x67</size>
         <input_file_ref idref="fl-d0"/>
      </object_component>
      <object_component id="oc-21b">
         <name>.debug_line</name>
         <load_address>0x46d4</load_address>
         <run_address>0x46d4</run_address>
         <size>0xc2</size>
         <input_file_ref idref="fl-d1"/>
      </object_component>
      <object_component id="oc-28b">
         <name>.debug_line</name>
         <load_address>0x4796</load_address>
         <run_address>0x4796</run_address>
         <size>0x75</size>
         <input_file_ref idref="fl-d2"/>
      </object_component>
      <object_component id="oc-202">
         <name>.debug_line</name>
         <load_address>0x480b</load_address>
         <run_address>0x480b</run_address>
         <size>0xa1</size>
         <input_file_ref idref="fl-d3"/>
      </object_component>
      <object_component id="oc-1fd">
         <name>.debug_line</name>
         <load_address>0x48ac</load_address>
         <run_address>0x48ac</run_address>
         <size>0x87</size>
         <input_file_ref idref="fl-d4"/>
      </object_component>
      <object_component id="oc-207">
         <name>.debug_line</name>
         <load_address>0x4933</load_address>
         <run_address>0x4933</run_address>
         <size>0x50</size>
         <input_file_ref idref="fl-d5"/>
      </object_component>
      <object_component id="oc-51">
         <name>.debug_line</name>
         <load_address>0x4983</load_address>
         <run_address>0x4983</run_address>
         <size>0x9a</size>
         <input_file_ref idref="fl-d6"/>
      </object_component>
      <object_component id="oc-20c">
         <name>.debug_line</name>
         <load_address>0x4a1d</load_address>
         <run_address>0x4a1d</run_address>
         <size>0x47</size>
         <input_file_ref idref="fl-d7"/>
      </object_component>
      <object_component id="oc-d1">
         <name>.debug_line</name>
         <load_address>0x4a64</load_address>
         <run_address>0x4a64</run_address>
         <size>0x73</size>
         <input_file_ref idref="fl-d8"/>
      </object_component>
      <object_component id="oc-1f8">
         <name>.debug_line</name>
         <load_address>0x4ad7</load_address>
         <run_address>0x4ad7</run_address>
         <size>0x51</size>
         <input_file_ref idref="fl-d9"/>
      </object_component>
      <object_component id="oc-260">
         <name>.debug_line</name>
         <load_address>0x4b28</load_address>
         <run_address>0x4b28</run_address>
         <size>0x8f</size>
         <input_file_ref idref="fl-da"/>
      </object_component>
      <object_component id="oc-f6">
         <name>.debug_line</name>
         <load_address>0x4bb7</load_address>
         <run_address>0x4bb7</run_address>
         <size>0x7b</size>
         <input_file_ref idref="fl-da"/>
      </object_component>
      <object_component id="oc-264">
         <name>.debug_line</name>
         <load_address>0x4c32</load_address>
         <run_address>0x4c32</run_address>
         <size>0x2e</size>
         <input_file_ref idref="fl-da"/>
      </object_component>
      <object_component id="oc-2c7">
         <name>.debug_line</name>
         <load_address>0x4c60</load_address>
         <run_address>0x4c60</run_address>
         <size>0x6a</size>
         <input_file_ref idref="fl-da"/>
      </object_component>
      <object_component id="oc-269">
         <name>.debug_line</name>
         <load_address>0x4cca</load_address>
         <run_address>0x4cca</run_address>
         <size>0x67</size>
         <input_file_ref idref="fl-da"/>
      </object_component>
      <object_component id="oc-26e">
         <name>.debug_line</name>
         <load_address>0x4d31</load_address>
         <run_address>0x4d31</run_address>
         <size>0x63</size>
         <input_file_ref idref="fl-da"/>
      </object_component>
      <object_component id="oc-196">
         <name>.debug_line</name>
         <load_address>0x4d94</load_address>
         <run_address>0x4d94</run_address>
         <size>0x62</size>
         <input_file_ref idref="fl-dc"/>
      </object_component>
      <object_component id="oc-5d">
         <name>.debug_line</name>
         <load_address>0x4df6</load_address>
         <run_address>0x4df6</run_address>
         <size>0x4c</size>
         <input_file_ref idref="fl-dc"/>
      </object_component>
      <object_component id="oc-ca">
         <name>.debug_line</name>
         <load_address>0x4e42</load_address>
         <run_address>0x4e42</run_address>
         <size>0x34</size>
         <input_file_ref idref="fl-dc"/>
      </object_component>
      <object_component id="oc-154">
         <name>.debug_line</name>
         <load_address>0x4e76</load_address>
         <run_address>0x4e76</run_address>
         <size>0x3c</size>
         <input_file_ref idref="fl-df"/>
      </object_component>
      <object_component id="oc-27d">
         <name>.debug_line</name>
         <load_address>0x4eb2</load_address>
         <run_address>0x4eb2</run_address>
         <size>0x37</size>
         <input_file_ref idref="fl-e1"/>
      </object_component>
      <object_component id="oc-13e">
         <name>.debug_frame</name>
         <load_address>0x0</load_address>
         <run_address>0x0</run_address>
         <size>0x70</size>
         <input_file_ref idref="fl-2"/>
      </object_component>
      <object_component id="oc-6b">
         <name>.debug_frame</name>
         <load_address>0x70</load_address>
         <run_address>0x70</run_address>
         <size>0xb0</size>
         <input_file_ref idref="fl-4"/>
      </object_component>
      <object_component id="oc-83">
         <name>.debug_frame</name>
         <load_address>0x120</load_address>
         <run_address>0x120</run_address>
         <size>0x1ac</size>
         <input_file_ref idref="fl-5"/>
      </object_component>
      <object_component id="oc-24">
         <name>.debug_frame</name>
         <load_address>0x2cc</load_address>
         <run_address>0x2cc</run_address>
         <size>0x48</size>
         <input_file_ref idref="fl-5"/>
      </object_component>
      <object_component id="oc-126">
         <name>.debug_frame</name>
         <load_address>0x314</load_address>
         <run_address>0x314</run_address>
         <size>0x10c</size>
         <input_file_ref idref="fl-6"/>
      </object_component>
      <object_component id="oc-12c">
         <name>.debug_frame</name>
         <load_address>0x420</load_address>
         <run_address>0x420</run_address>
         <size>0x1c8</size>
         <input_file_ref idref="fl-7"/>
      </object_component>
      <object_component id="oc-93">
         <name>.debug_frame</name>
         <load_address>0x5e8</load_address>
         <run_address>0x5e8</run_address>
         <size>0x128</size>
         <input_file_ref idref="fl-8"/>
      </object_component>
      <object_component id="oc-e0">
         <name>.debug_frame</name>
         <load_address>0x710</load_address>
         <run_address>0x710</run_address>
         <size>0x4c</size>
         <input_file_ref idref="fl-9"/>
      </object_component>
      <object_component id="oc-132">
         <name>.debug_frame</name>
         <load_address>0x75c</load_address>
         <run_address>0x75c</run_address>
         <size>0x1d0</size>
         <input_file_ref idref="fl-a"/>
      </object_component>
      <object_component id="oc-134">
         <name>.debug_frame</name>
         <load_address>0x92c</load_address>
         <run_address>0x92c</run_address>
         <size>0x184</size>
         <input_file_ref idref="fl-b"/>
      </object_component>
      <object_component id="oc-8e">
         <name>.debug_frame</name>
         <load_address>0xab0</load_address>
         <run_address>0xab0</run_address>
         <size>0x54</size>
         <input_file_ref idref="fl-e"/>
      </object_component>
      <object_component id="oc-35">
         <name>.debug_frame</name>
         <load_address>0xb04</load_address>
         <run_address>0xb04</run_address>
         <size>0x34</size>
         <input_file_ref idref="fl-11"/>
      </object_component>
      <object_component id="oc-81">
         <name>.debug_frame</name>
         <load_address>0xb38</load_address>
         <run_address>0xb38</run_address>
         <size>0x4b0</size>
         <input_file_ref idref="fl-13"/>
      </object_component>
      <object_component id="oc-21">
         <name>.debug_frame</name>
         <load_address>0xfe8</load_address>
         <run_address>0xfe8</run_address>
         <size>0x30</size>
         <input_file_ref idref="fl-14"/>
      </object_component>
      <object_component id="oc-75">
         <name>.debug_frame</name>
         <load_address>0x1018</load_address>
         <run_address>0x1018</run_address>
         <size>0x34</size>
         <input_file_ref idref="fl-14"/>
      </object_component>
      <object_component id="oc-3c">
         <name>.debug_frame</name>
         <load_address>0x104c</load_address>
         <run_address>0x104c</run_address>
         <size>0x9c</size>
         <input_file_ref idref="fl-15"/>
      </object_component>
      <object_component id="oc-41">
         <name>.debug_frame</name>
         <load_address>0x10e8</load_address>
         <run_address>0x10e8</run_address>
         <size>0x4c</size>
         <input_file_ref idref="fl-15"/>
      </object_component>
      <object_component id="oc-7b">
         <name>.debug_frame</name>
         <load_address>0x1134</load_address>
         <run_address>0x1134</run_address>
         <size>0x118</size>
         <input_file_ref idref="fl-16"/>
      </object_component>
      <object_component id="oc-224">
         <name>.debug_frame</name>
         <load_address>0x124c</load_address>
         <run_address>0x124c</run_address>
         <size>0x44</size>
         <input_file_ref idref="fl-d0"/>
      </object_component>
      <object_component id="oc-f5">
         <name>.debug_frame</name>
         <load_address>0x1290</load_address>
         <run_address>0x1290</run_address>
         <size>0x3c</size>
[...]
         <value>0x6458</value>
         <object_component_ref idref="oc-65"/>
      </symbol>
      <symbol id="sm-395">
         <name>_coreClearInstructionFault_</name>
         <value>0x644c</value>
         <object_component_ref idref="oc-65"/>
      </symbol>
      <symbol id="sm-396">
         <name>_getCPSRValue_</name>
         <value>0x639c</value>
         <object_component_ref idref="oc-65"/>
      </symbol>
      <symbol id="sm-397">
         <name>__TI_PINIT_Limit</name>
         <value>0x6564</value>
         <object_component_ref idref="oc-65"/>
      </symbol>
      <symbol id="sm-398">
         <name>_coreEnableFlashEcc_</name>
         <value>0x63fc</value>
         <object_component_ref idref="oc-65"/>
      </symbol>
      <symbol id="sm-399">
         <name>_disable_FIQ_interrupt_</name>
         <value>0x64b0</value>
         <object_component_ref idref="oc-65"/>
      </symbol>
      <symbol id="sm-39a">
         <name>_coreGetAuxiliaryInstructionFault_</name>
         <value>0x6494</value>
         <object_component_ref idref="oc-65"/>
      </symbol>
      <symbol id="sm-39b">
         <name>_coreInitStackPointer_</name>
         <value>0x6350</value>
         <object_component_ref idref="oc-65"/>
      </symbol>
      <symbol id="sm-39c">
         <name>_esmCcmErrorsClear_</name>
         <value>0x64c8</value>
         <object_component_ref idref="oc-65"/>
      </symbol>
      <symbol id="sm-39d">
         <name>_gotoCPUIdle_</name>
         <value>0x63a4</value>
         <object_component_ref idref="oc-65"/>
      </symbol>
      <symbol id="sm-39e">
         <name>_coreEnableIrqVicOffset_</name>
         <value>0x6420</value>
         <object_component_ref idref="oc-65"/>
      </symbol>
      <symbol id="sm-39f">
         <name>_coreGetInstructionFault_</name>
         <value>0x6444</value>
         <object_component_ref idref="oc-65"/>
      </symbol>
      <symbol id="sm-3a0">
         <name>_coreClearAuxiliaryDataFault_</name>
         <value>0x6488</value>
         <object_component_ref idref="oc-65"/>
      </symbol>
      <symbol id="sm-3a1">
         <name>_coreEnableEventBusExport_</name>
         <value>0x63bc</value>
         <object_component_ref idref="oc-65"/>
      </symbol>
      <symbol id="sm-3ad">
         <name>resetEntry</name>
         <value>0x0</value>
         <object_component_ref idref="oc-2b"/>
      </symbol>
      <symbol id="sm-3c8">
         <name>MPU</name>
         <value>0x800155c</value>
      </symbol>
      <symbol id="sm-3c9">
         <name>main</name>
         <value>0x7924</value>
         <object_component_ref idref="oc-89"/>
      </symbol>
      <symbol id="sm-3ca">
         <name>applicationInit</name>
         <value>0x790c</value>
         <object_component_ref idref="oc-89"/>
      </symbol>
      <symbol id="sm-3e3">
         <name>phantomInterrupt</name>
         <value>0x7b28</value>
         <object_component_ref idref="oc-30"/>
      </symbol>
      <symbol id="sm-3ec">
         <name>_pmuResetCounters_</name>
         <value>0x7808</value>
         <object_component_ref idref="oc-e3"/>
      </symbol>
      <symbol id="sm-3ed">
         <name>_pmuGetEventCount_</name>
         <value>0x783c</value>
         <object_component_ref idref="oc-e3"/>
      </symbol>
      <symbol id="sm-3ee">
         <name>_pmuResetEventCounters_</name>
         <value>0x77f8</value>
         <object_component_ref idref="oc-e3"/>
      </symbol>
      <symbol id="sm-3ef">
         <name>_pmuStopCounters_</name>
         <value>0x7820</value>
         <object_component_ref idref="oc-e3"/>
      </symbol>
      <symbol id="sm-3f0">
         <name>_pmuInit_</name>
         <value>0x777c</value>
         <object_component_ref idref="oc-e3"/>
      </symbol>
      <symbol id="sm-3f1">
         <name>_pmuGetOverflow_</name>
         <value>0x7848</value>
         <object_component_ref idref="oc-e3"/>
      </symbol>
      <symbol id="sm-3f2">
         <name>_pmuResetCycleCounter_</name>
         <value>0x77e8</value>
         <object_component_ref idref="oc-e3"/>
      </symbol>
      <symbol id="sm-3f3">
         <name>_pmuSetCountEvent_</name>
         <value>0x7828</value>
         <object_component_ref idref="oc-e3"/>
      </symbol>
      <symbol id="sm-3f4">
         <name>_pmuGetCycleCount_</name>
         <value>0x7834</value>
         <object_component_ref idref="oc-e3"/>
      </symbol>
      <symbol id="sm-3f5">
         <name>_pmuEnableCountersGlobal_</name>
         <value>0x77c8</value>
         <object_component_ref idref="oc-e3"/>
      </symbol>
      <symbol id="sm-3f6">
         <name>_pmuDisableCountersGlobal_</name>
         <value>0x77d8</value>
         <object_component_ref idref="oc-e3"/>
      </symbol>
      <symbol id="sm-3f7">
         <name>_pmuStartCounters_</name>
         <value>0x7818</value>
         <object_component_ref idref="oc-e3"/>
      </symbol>
      <symbol id="sm-55b">
         <name>pbistSelfCheck</name>
         <value>0x2cc</value>
         <object_component_ref idref="oc-7c"/>
      </symbol>
      <symbol id="sm-55c">
         <name>fmcBus1ParityCheck</name>
         <value>0x1c00</value>
         <object_component_ref idref="oc-7c"/>
      </symbol>
      <symbol id="sm-55d">
         <name>can1ParityCheck</name>
         <value>0x10bc</value>
         <object_component_ref idref="oc-7c"/>
      </symbol>
      <symbol id="sm-55e">
         <name>enableParity</name>
         <value>0x23d0</value>
         <object_component_ref idref="oc-7c"/>
      </symbol>
      <symbol id="sm-55f">
         <name>custom_dabort</name>
         <value>0xdf4</value>
         <object_component_ref idref="oc-7c"/>
      </symbol>
      <symbol id="sm-560">
         <name>memoryInit</name>
         <value>0x174</value>
         <object_component_ref idref="oc-7c"/>
      </symbol>
      <symbol id="sm-561">
         <name>stcSelfCheck</name>
         <value>0x1b8</value>
         <object_component_ref idref="oc-7c"/>
      </symbol>
      <symbol id="sm-562">
         <name>efcGetConfigValue</name>
         <value>0x1f98</value>
         <object_component_ref idref="oc-7c"/>
      </symbol>
      <symbol id="sm-563">
         <name>can2ParityCheck</name>
         <value>0x1198</value>
         <object_component_ref idref="oc-7c"/>
      </symbol>
      <symbol id="sm-564">
         <name>het1ParityCheck</name>
         <value>0xeac</value>
         <object_component_ref idref="oc-7c"/>
      </symbol>
      <symbol id="sm-565">
         <name>adc1ParityCheck</name>
         <value>0x1004</value>
         <object_component_ref idref="oc-7c"/>
      </symbol>
      <symbol id="sm-566">
         <name>checkefcSelfTest</name>
         <value>0x7bc</value>
         <object_component_ref idref="oc-7c"/>
      </symbol>
      <symbol id="sm-567">
         <name>checkRAMECC</name>
         <value>0x13bc</value>
         <object_component_ref idref="oc-7c"/>
      </symbol>
      <symbol id="sm-568">
         <name>stcSelfCheckFail</name>
         <value>0xdf8</value>
         <object_component_ref idref="oc-7c"/>
      </symbol>
      <symbol id="sm-569">
         <name>ccmSelfCheck</name>
         <value>0x30</value>
         <object_component_ref idref="oc-7c"/>
      </symbol>
      <symbol id="sm-56a">
         <name>efcCheck</name>
         <value>0x660</value>
         <object_component_ref idref="oc-7c"/>
      </symbol>
      <symbol id="sm-56b">
         <name>cpuSelfTest</name>
         <value>0x234</value>
         <object_component_ref idref="oc-7c"/>
      </symbol>
      <symbol id="sm-56c">
         <name>htu1ParityCheck</name>
         <value>0xf4c</value>
         <object_component_ref idref="oc-7c"/>
      </symbol>
      <symbol id="sm-56d">
         <name>checkFlashECC</name>
         <value>0xd18</value>
         <object_component_ref idref="oc-7c"/>
      </symbol>
      <symbol id="sm-56e">
         <name>cpuSelfTestFail</name>
         <value>0xdfc</value>
         <object_component_ref idref="oc-7c"/>
      </symbol>
      <symbol id="sm-56f">
         <name>checkPLL1Slip</name>
         <value>0x1880</value>
         <object_component_ref idref="oc-7c"/>
      </symbol>
      <symbol id="sm-570">
         <name>mibspi1ParityCheck</name>
         <value>0x1260</value>
         <object_component_ref idref="oc-7c"/>
      </symbol>
      <symbol id="sm-571">
         <name>ccmr4GetConfigValue</name>
         <value>0x2034</value>
         <object_component_ref idref="oc-7c"/>
      </symbol>
      <symbol id="sm-572">
         <name>pbistPortTestStatus</name>
         <value>0x608</value>
         <object_component_ref idref="oc-7c"/>
      </symbol>
      <symbol id="sm-573">
         <name>checkFlashEEPROMECC</name>
         <value>0x16d8</value>
         <object_component_ref idref="oc-7c"/>
      </symbol>
      <symbol id="sm-574">
         <name>pbistGetConfigValue</name>
         <value>0x1db0</value>
         <object_component_ref idref="oc-7c"/>
      </symbol>
      <symbol id="sm-575">
         <name>vimParityCheck</name>
         <value>0xe00</value>
         <object_component_ref idref="oc-7c"/>
      </symbol>
      <symbol id="sm-576">
         <name>pbistIsTestCompleted</name>
         <value>0x5a8</value>
         <object_component_ref idref="oc-7c"/>
      </symbol>
      <symbol id="sm-577">
         <name>disableParity</name>
         <value>0x2424</value>
         <object_component_ref idref="oc-7c"/>
      </symbol>
      <symbol id="sm-578">
         <name>pbistRun</name>
         <value>0x4ac</value>
         <object_component_ref idref="oc-7c"/>
      </symbol>
      <symbol id="sm-579">
         <name>pbistFail</name>
         <value>0x1d2c</value>
         <object_component_ref idref="oc-7c"/>
      </symbol>
      <symbol id="sm-57a">
         <name>selftestFailNotification</name>
         <value>0x20</value>
         <object_component_ref idref="oc-7c"/>
      </symbol>
      <symbol id="sm-57b">
         <name>errata_PBIST_4</name>
         <value>0x20b0</value>
         <object_component_ref idref="oc-7c"/>
      </symbol>
      <symbol id="sm-57c">
         <name>efcSelfTest</name>
         <value>0x794</value>
         <object_component_ref idref="oc-7c"/>
      </symbol>
      <symbol id="sm-57d">
         <name>checkB1RAMECC</name>
         <value>0xb28</value>
         <object_component_ref idref="oc-7c"/>
      </symbol>
      <symbol id="sm-57e">
         <name>pbistStop</name>
         <value>0x578</value>
         <object_component_ref idref="oc-7c"/>
      </symbol>
      <symbol id="sm-57f">
         <name>checkRAMAddrParity</name>
         <value>0x199c</value>
         <object_component_ref idref="oc-7c"/>
      </symbol>
      <symbol id="sm-580">
         <name>checkB0RAMECC</name>
         <value>0x938</value>
         <object_component_ref idref="oc-7c"/>
      </symbol>
      <symbol id="sm-581">
         <name>stcGetConfigValue</name>
         <value>0x1ef8</value>
         <object_component_ref idref="oc-7c"/>
      </symbol>
      <symbol id="sm-582">
         <name>pbistIsTestPassed</name>
         <value>0x5d4</value>
         <object_component_ref idref="oc-7c"/>
      </symbol>
      <symbol id="sm-583">
         <name>checkClockMonitor</name>
         <value>0x1604</value>
         <object_component_ref idref="oc-7c"/>
      </symbol>
      <symbol id="sm-584">
         <name>fmcECCcheck</name>
         <value>0x898</value>
         <object_component_ref idref="oc-7c"/>
      </symbol>
      <symbol id="sm-585">
         <name>fmcBus2Check</name>
         <value>0x85c</value>
         <object_component_ref idref="oc-7c"/>
      </symbol>
      <symbol id="sm-586">
         <name>checkRAMUERRTest</name>
         <value>0x1aa4</value>
         <object_component_ref idref="oc-7c"/>
      </symbol>
      <symbol id="sm-587">
         <name>efcStuckZeroTest</name>
         <value>0x6e8</value>
         <object_component_ref idref="oc-7c"/>
      </symbol>
      <symbol id="sm-5b0">
         <name>_c_int00</name>
         <value>0x67d0</value>
         <object_component_ref idref="oc-1c"/>
      </symbol>
      <symbol id="sm-5b1">
         <name>handlePLLLockFail</name>
         <value>0x7b30</value>
         <object_component_ref idref="oc-70"/>
      </symbol>
      <symbol id="sm-648">
         <name>vimChannelMap</name>
         <value>0x4464</value>
         <object_component_ref idref="oc-37"/>
      </symbol>
      <symbol id="sm-649">
         <name>vimInit</name>
         <value>0x4390</value>
         <object_component_ref idref="oc-37"/>
      </symbol>
      <symbol id="sm-64a">
         <name>vimEnableInterrupt</name>
         <value>0x4508</value>
         <object_component_ref idref="oc-37"/>
      </symbol>
      <symbol id="sm-64b">
         <name>vimDisableInterrupt</name>
         <value>0x4660</value>
         <object_component_ref idref="oc-37"/>
      </symbol>
      <symbol id="sm-64c">
         <name>vimGetConfigValue</name>
         <value>0x46e4</value>
         <object_component_ref idref="oc-37"/>
      </symbol>
      <symbol id="sm-64d">
         <name>vimParityErrorHandler</name>
         <value>0x6568</value>
         <object_component_ref idref="oc-36"/>
      </symbol>
      <symbol id="sm-6a1">
         <name>systemGetConfigValue</name>
         <value>0x332c</value>
         <object_component_ref idref="oc-76"/>
      </symbol>
      <symbol id="sm-6a2">
         <name>trimLPO</name>
         <value>0x3044</value>
         <object_component_ref idref="oc-76"/>
      </symbol>
      <symbol id="sm-6a3">
         <name>systemInit</name>
         <value>0x3230</value>
         <object_component_ref idref="oc-76"/>
      </symbol>
      <symbol id="sm-6a4">
         <name>customTrimLPO</name>
         <value>0x39d4</value>
         <object_component_ref idref="oc-76"/>
      </symbol>
      <symbol id="sm-6a5">
         <name>tcmflashGetConfigValue</name>
         <value>0x36ec</value>
         <object_component_ref idref="oc-76"/>
      </symbol>
      <symbol id="sm-6a6">
         <name>sramGetConfigValue</name>
         <value>0x3898</value>
         <object_component_ref idref="oc-76"/>
      </symbol>
      <symbol id="sm-6a7">
         <name>periphInit</name>
         <value>0x30f8</value>
         <object_component_ref idref="oc-76"/>
      </symbol>
      <symbol id="sm-6a8">
         <name>setupFlash</name>
         <value>0x30b8</value>
         <object_component_ref idref="oc-76"/>
      </symbol>
      <symbol id="sm-6a9">
         <name>setupPLL</name>
         <value>0x2ff4</value>
         <object_component_ref idref="oc-76"/>
      </symbol>
      <symbol id="sm-6aa">
         <name>mapClocks</name>
         <value>0x314c</value>
         <object_component_ref idref="oc-76"/>
      </symbol>
      <symbol id="sm-6ab">
         <name>systemPowerDown</name>
         <value>0x32fc</value>
         <object_component_ref idref="oc-76"/>
      </symbol>
      <symbol id="sm-6d0">
         <name>floorl</name>
         <value>0x6f08</value>
         <object_component_ref idref="oc-21f"/>
      </symbol>
      <symbol id="sm-6d1">
         <name>floor</name>
         <value>0x6f08</value>
         <object_component_ref idref="oc-21f"/>
      </symbol>
      <symbol id="sm-6e8">
         <name>__aeabi_dsub</name>
         <value>0x69e4</value>
         <object_component_ref idref="oc-21a"/>
      </symbol>
      <symbol id="sm-6e9">
         <name>__aeabi_dadd</name>
         <value>0x69f0</value>
         <object_component_ref idref="oc-21a"/>
      </symbol>
      <symbol id="sm-6fb">
         <name>__aeabi_cdrcmple</name>
         <value>0x769c</value>
         <object_component_ref idref="oc-28a"/>
      </symbol>
      <symbol id="sm-70f">
         <name>__aeabi_ddiv</name>
         <value>0x6bf8</value>
         <object_component_ref idref="oc-1fe"/>
      </symbol>
      <symbol id="sm-71a">
         <name>__aeabi_dmul</name>
         <value>0x71b4</value>
         <object_component_ref idref="oc-1f9"/>
      </symbol>
      <symbol id="sm-724">
         <name>__aeabi_d2uiz</name>
         <value>0x7a1c</value>
         <object_component_ref idref="oc-203"/>
      </symbol>
      <symbol id="sm-73d">
         <name>memcpy</name>
         <value>0x6d88</value>
         <object_component_ref idref="oc-4d"/>
      </symbol>
      <symbol id="sm-73e">
         <name>__aeabi_memcpy</name>
         <value>0x6d88</value>
         <object_component_ref idref="oc-4d"/>
      </symbol>
      <symbol id="sm-73f">
         <name>__aeabi_memcpy8</name>
         <value>0x6d88</value>
         <object_component_ref idref="oc-4d"/>
      </symbol>
      <symbol id="sm-740">
         <name>__aeabi_memcpy4</name>
         <value>0x6d88</value>
         <object_component_ref idref="oc-4d"/>
      </symbol>
      <symbol id="sm-74a">
         <name>__aeabi_ui2d</name>
         <value>0x7ac4</value>
         <object_component_ref idref="oc-208"/>
      </symbol>
      <symbol id="sm-759">
         <name>__aeabi_memset</name>
         <value>0x7860</value>
         <object_component_ref idref="oc-cd"/>
      </symbol>
      <symbol id="sm-75a">
         <name>memset</name>
         <value>0x786c</value>
         <object_component_ref idref="oc-cd"/>
      </symbol>
      <symbol id="sm-75b">
         <name>__aeabi_memset8</name>
         <value>0x7860</value>
         <object_component_ref idref="oc-cd"/>
      </symbol>
      <symbol id="sm-75c">
         <name>__aeabi_memset4</name>
         <value>0x7860</value>
         <object_component_ref idref="oc-cd"/>
      </symbol>
      <symbol id="sm-75d">
         <name>__aeabi_memclr8</name>
         <value>0x785c</value>
         <object_component_ref idref="oc-cd"/>
      </symbol>
      <symbol id="sm-75e">
         <name>__aeabi_memclr4</name>
         <value>0x785c</value>
         <object_component_ref idref="oc-cd"/>
      </symbol>
      <symbol id="sm-75f">
         <name>__aeabi_memclr</name>
         <value>0x785c</value>
         <object_component_ref idref="oc-cd"/>
      </symbol>
      <symbol id="sm-76b">
         <name>__aeabi_uidivmod</name>
         <value>0x7a74</value>
         <object_component_ref idref="oc-1f4"/>
      </symbol>
      <symbol id="sm-76c">
         <name>__aeabi_uidiv</name>
         <value>0x7a74</value>
         <object_component_ref idref="oc-1f4"/>
      </symbol>
      <symbol id="sm-794">
         <name>__TI_auto_init_nobinit_nopinit</name>
         <value>0x79b4</value>
         <object_component_ref idref="oc-f1"/>
      </symbol>
      <symbol id="sm-7a8">
         <name>__TI_zero_init_nomemset</name>
         <value>0x7af8</value>
         <object_component_ref idref="oc-59"/>
      </symbol>
      <symbol id="sm-7b5">
         <name>C$$EXIT</name>
         <value>0x7b20</value>
         <object_component_ref idref="oc-150"/>
      </symbol>
      <symbol id="sm-7b6">
         <name>abort</name>
         <value>0x7b20</value>
         <object_component_ref idref="oc-150"/>
      </symbol>
      <symbol id="sm-7c1">
         <name>__aeabi_idiv0</name>
         <value>0x7b2c</value>
         <object_component_ref idref="oc-279"/>
      </symbol>
      <symbol id="sm-7c2">
         <name>__aeabi_ldiv0</name>
         <value>0x7b2c</value>
         <object_component_ref idref="oc-279"/>
      </symbol>
      <symbol id="sm-7c3">
         <name>__TI_static_base__</name>
         <value>0x0</value>
      </symbol>
      <symbol id="sm-7c5">
         <name>SHT$$INIT_ARRAY$$Base</name>
         <value>0x0</value>
      </symbol>
      <symbol id="sm-7c6">
         <name>SHT$$INIT_ARRAY$$Limit</name>
         <value>0x0</value>
      </symbol>
      <symbol id="sm-7c7">
         <name>_system_post_cinit</name>
         <value>0x0</value>
      </symbol>
   </symbol_table>
   <title>Link successful</title>
</link_info>
