<?xml version="1.0" encoding="ISO-8859-1" ?>
<link_info>
   <banner>TI ARM Linker PC v20.2.7.LTS</banner>
   <copyright>Copyright (c) 1996-2018 Texas Instruments Incorporated</copyright>
   <link_time>0x69a4db1a</link_time>
   <link_errors>0x0</link_errors>
   <output_file>MPU9250_SPI_x04_basic.out</output_file>
   <entry_point>
      <name>_c_int00</name>
      <address>0x6a90</address>
   </entry_point>
   <input_file_list>
      <input_file id="fl-2">
         <path>.\project\</path>
         <kind>object</kind>
         <file>MPU9250.obj</file>
         <name>MPU9250.obj</name>
      </input_file>
      <input_file id="fl-3">
         <path>.\source\</path>
         <kind>object</kind>
         <file>dabort.obj</file>
         <name>dabort.obj</name>
      </input_file>
      <input_file id="fl-4">
         <path>.\source\</path>
         <kind>object</kind>
         <file>errata_SSWF021_45.obj</file>
         <name>errata_SSWF021_45.obj</name>
      </input_file>
      <input_file id="fl-5">
         <path>.\source\</path>
         <kind>object</kind>
         <file>esm.obj</file>
         <name>esm.obj</name>
      </input_file>
      <input_file id="fl-6">
         <path>.\source\</path>
         <kind>object</kind>
         <file>gio.obj</file>
         <name>gio.obj</name>
      </input_file>
      <input_file id="fl-7">
         <path>.\source\</path>
         <kind>object</kind>
         <file>het.obj</file>
         <name>het.obj</name>
      </input_file>
      <input_file id="fl-8">
         <path>.\source\</path>
         <kind>object</kind>
         <file>notification.obj</file>
         <name>notification.obj</name>
      </input_file>
      <input_file id="fl-9">
         <path>.\source\</path>
         <kind>object</kind>
         <file>pinmux.obj</file>
         <name>pinmux.obj</name>
      </input_file>
      <input_file id="fl-a">
         <path>.\source\</path>
         <kind>object</kind>
         <file>sci.obj</file>
         <name>sci.obj</name>
      </input_file>
      <input_file id="fl-b">
         <path>.\source\</path>
         <kind>object</kind>
         <file>spi.obj</file>
         <name>spi.obj</name>
      </input_file>
      <input_file id="fl-c">
         <path>.\source\</path>
         <kind>object</kind>
         <file>sys_core.obj</file>
         <name>sys_core.obj</name>
      </input_file>
      <input_file id="fl-d">
         <path>.\source\</path>
         <kind>object</kind>
         <file>sys_intvecs.obj</file>
         <name>sys_intvecs.obj</name>
      </input_file>
      <input_file id="fl-e">
         <path>.\source\</path>
         <kind>object</kind>
         <file>sys_main.obj</file>
         <name>sys_main.obj</name>
      </input_file>
      <input_file id="fl-f">
         <path>.\source\</path>
         <kind>object</kind>
         <file>sys_mpu.obj</file>
         <name>sys_mpu.obj</name>
      </input_file>
      <input_file id="fl-10">
         <path>.\source\</path>
         <kind>object</kind>
         <file>sys_pcr.obj</file>
         <name>sys_pcr.obj</name>
      </input_file>
      <input_file id="fl-11">
         <path>.\source\</path>
         <kind>object</kind>
         <file>sys_phantom.obj</file>
         <name>sys_phantom.obj</name>
      </input_file>
      <input_file id="fl-12">
         <path>.\source\</path>
         <kind>object</kind>
         <file>sys_pmu.obj</file>
         <name>sys_pmu.obj</name>
      </input_file>
      <input_file id="fl-13">
         <path>.\source\</path>
         <kind>object</kind>
         <file>sys_selftest.obj</file>
         <name>sys_selftest.obj</name>
      </input_file>
      <input_file id="fl-14">
         <path>.\source\</path>
         <kind>object</kind>
         <file>sys_startup.obj</file>
         <name>sys_startup.obj</name>
      </input_file>
      <input_file id="fl-15">
         <path>.\source\</path>
         <kind>object</kind>
         <file>sys_vim.obj</file>
         <name>sys_vim.obj</name>
      </input_file>
      <input_file id="fl-16">
         <path>.\source\</path>
         <kind>object</kind>
         <file>system.obj</file>
         <name>system.obj</name>
      </input_file>
      <input_file id="fl-1a">
         <kind>object</kind>
         <file>&lt;internal&gt;</file>
         <name>&lt;internal&gt;</name>
      </input_file>
      <input_file id="fl-d0">
         <path>C:\ti\ccs1281\ccs\tools\compiler\ti-cgt-arm_20.2.7.LTS\lib\</path>
         <kind>archive</kind>
         <file>rtsv7R4_A_be_eabi.lib</file>
         <name>s_floor.c.obj</name>
      </input_file>
      <input_file id="fl-d1">
         <path>C:\ti\ccs1281\ccs\tools\compiler\ti-cgt-arm_20.2.7.LTS\lib\</path>
         <kind>archive</kind>
         <file>rtsv7R4_A_be_eabi.lib</file>
         <name>fd_add32.asm.obj</name>
      </input_file>
      <input_file id="fl-d2">
         <path>C:\ti\ccs1281\ccs\tools\compiler\ti-cgt-arm_20.2.7.LTS\lib\</path>
         <kind>archive</kind>
         <file>rtsv7R4_A_be_eabi.lib</file>
         <name>fd_cmp32.asm.obj</name>
      </input_file>
      <input_file id="fl-d3">
         <path>C:\ti\ccs1281\ccs\tools\compiler\ti-cgt-arm_20.2.7.LTS\lib\</path>
         <kind>archive</kind>
         <file>rtsv7R4_A_be_eabi.lib</file>
         <name>fd_div32.asm.obj</name>
      </input_file>
      <input_file id="fl-d4">
         <path>C:\ti\ccs1281\ccs\tools\compiler\ti-cgt-arm_20.2.7.LTS\lib\</path>
         <kind>archive</kind>
         <file>rtsv7R4_A_be_eabi.lib</file>
         <name>fd_mul32.asm.obj</name>
      </input_file>
      <input_file id="fl-d5">
         <path>C:\ti\ccs1281\ccs\tools\compiler\ti-cgt-arm_20.2.7.LTS\lib\</path>
         <kind>archive</kind>
         <file>rtsv7R4_A_be_eabi.lib</file>
         <name>fd_tou32.asm.obj</name>
      </input_file>
      <input_file id="fl-d6">
         <path>C:\ti\ccs1281\ccs\tools\compiler\ti-cgt-arm_20.2.7.LTS\lib\</path>
         <kind>archive</kind>
         <file>rtsv7R4_A_be_eabi.lib</file>
         <name>memcpy32.asm.obj</name>
      </input_file>
      <input_file id="fl-d7">
         <path>C:\ti\ccs1281\ccs\tools\compiler\ti-cgt-arm_20.2.7.LTS\lib\</path>
         <kind>archive</kind>
         <file>rtsv7R4_A_be_eabi.lib</file>
         <name>u_tofd32.asm.obj</name>
      </input_file>
      <input_file id="fl-d8">
         <path>C:\ti\ccs1281\ccs\tools\compiler\ti-cgt-arm_20.2.7.LTS\lib\</path>
         <kind>archive</kind>
         <file>rtsv7R4_A_be_eabi.lib</file>
         <name>memset32.asm.obj</name>
      </input_file>
      <input_file id="fl-d9">
         <path>C:\ti\ccs1281\ccs\tools\compiler\ti-cgt-arm_20.2.7.LTS\lib\</path>
         <kind>archive</kind>
         <file>rtsv7R4_A_be_eabi.lib</file>
         <name>u_div32.asm.obj</name>
      </input_file>
      <input_file id="fl-da">
         <path>C:\ti\ccs1281\ccs\tools\compiler\ti-cgt-arm_20.2.7.LTS\lib\</path>
         <kind>archive</kind>
         <file>rtsv7R4_A_be_eabi.lib</file>
         <name>autoinit.c.obj</name>
      </input_file>
      <input_file id="fl-db">
         <path>C:\ti\ccs1281\ccs\tools\compiler\ti-cgt-arm_20.2.7.LTS\lib\</path>
         <kind>archive</kind>
         <file>rtsv7R4_A_be_eabi.lib</file>
         <name>cpy_tbl.c.obj</name>
      </input_file>
      <input_file id="fl-dc">
         <path>C:\ti\ccs1281\ccs\tools\compiler\ti-cgt-arm_20.2.7.LTS\lib\</path>
         <kind>archive</kind>
         <file>rtsv7R4_A_be_eabi.lib</file>
         <name>copy_zero_init.c.obj</name>
      </input_file>
      <input_file id="fl-dd">
         <path>C:\ti\ccs1281\ccs\tools\compiler\ti-cgt-arm_20.2.7.LTS\lib\</path>
         <kind>archive</kind>
         <file>rtsv7R4_A_be_eabi.lib</file>
         <name>copy_decompress_none.c.obj</name>
      </input_file>
      <input_file id="fl-de">
         <path>C:\ti\ccs1281\ccs\tools\compiler\ti-cgt-arm_20.2.7.LTS\lib\</path>
         <kind>archive</kind>
         <file>rtsv7R4_A_be_eabi.lib</file>
         <name>copy_decompress_lzss.c.obj</name>
      </input_file>
      <input_file id="fl-df">
         <path>C:\ti\ccs1281\ccs\tools\compiler\ti-cgt-arm_20.2.7.LTS\lib\</path>
         <kind>archive</kind>
         <file>rtsv7R4_A_be_eabi.lib</file>
         <name>exit.c.obj</name>
      </input_file>
      <input_file id="fl-e0">
         <path>C:\ti\ccs1281\ccs\tools\compiler\ti-cgt-arm_20.2.7.LTS\lib\</path>
         <kind>archive</kind>
         <file>rtsv7R4_A_be_eabi.lib</file>
         <name>_lock.c.obj</name>
      </input_file>
      <input_file id="fl-e1">
         <path>C:\ti\ccs1281\ccs\tools\compiler\ti-cgt-arm_20.2.7.LTS\lib\</path>
         <kind>archive</kind>
         <file>rtsv7R4_A_be_eabi.lib</file>
         <name>div0.asm.obj</name>
      </input_file>
   </input_file_list>
   <object_component_list>
      <object_component id="oc-2b">
         <name>.intvecs</name>
         <load_address>0x0</load_address>
         <run_address>0x0</run_address>
         <size>0x20</size>
         <input_file_ref idref="fl-d"/>
      </object_component>
      <object_component id="oc-7c">
         <name>.text</name>
         <load_address>0x20</load_address>
         <run_address>0x20</run_address>
         <size>0x24f0</size>
         <input_file_ref idref="fl-13"/>
      </object_component>
      <object_component id="oc-133">
         <name>.text</name>
         <load_address>0x2510</load_address>
         <run_address>0x2510</run_address>
         <size>0xae4</size>
         <input_file_ref idref="fl-b"/>
      </object_component>
      <object_component id="oc-76">
         <name>.text</name>
         <load_address>0x2ff4</load_address>
         <run_address>0x2ff4</run_address>
         <size>0xaa0</size>
         <input_file_ref idref="fl-16"/>
      </object_component>
      <object_component id="oc-127">
         <name>.text</name>
         <load_address>0x3a94</load_address>
         <run_address>0x3a94</run_address>
         <size>0x8fc</size>
         <input_file_ref idref="fl-7"/>
      </object_component>
      <object_component id="oc-38">
         <name>.text</name>
         <load_address>0x4390</load_address>
         <run_address>0x4390</run_address>
         <size>0x898</size>
         <input_file_ref idref="fl-15"/>
      </object_component>
      <object_component id="oc-12d">
         <name>.text</name>
         <load_address>0x4c28</load_address>
         <run_address>0x4c28</run_address>
         <size>0x6e4</size>
         <input_file_ref idref="fl-a"/>
      </object_component>
      <object_component id="oc-6a">
         <name>.text</name>
         <load_address>0x530c</load_address>
         <run_address>0x530c</run_address>
         <size>0x664</size>
         <input_file_ref idref="fl-4"/>
      </object_component>
      <object_component id="oc-82">
         <name>.text</name>
         <load_address>0x5970</load_address>
         <run_address>0x5970</run_address>
         <size>0x5bc</size>
         <input_file_ref idref="fl-5"/>
      </object_component>
      <object_component id="oc-121">
         <name>.text</name>
         <load_address>0x5f2c</load_address>
         <run_address>0x5f2c</run_address>
         <size>0x36c</size>
         <input_file_ref idref="fl-6"/>
      </object_component>
      <object_component id="oc-65">
         <name>.text</name>
         <load_address>0x6298</load_address>
         <run_address>0x6298</run_address>
         <size>0x2d0</size>
         <input_file_ref idref="fl-c"/>
      </object_component>
      <object_component id="oc-139">
         <name>.text</name>
         <load_address>0x6568</load_address>
         <run_address>0x6568</run_address>
         <size>0x2c0</size>
         <input_file_ref idref="fl-2"/>
      </object_component>
      <object_component id="oc-36">
         <name>.text:retain</name>
         <load_address>0x6828</load_address>
         <run_address>0x6828</run_address>
         <size>0x268</size>
         <input_file_ref idref="fl-15"/>
      </object_component>
      <object_component id="oc-1c">
         <name>.text:retain</name>
         <load_address>0x6a90</load_address>
         <run_address>0x6a90</run_address>
         <size>0x214</size>
         <input_file_ref idref="fl-14"/>
      </object_component>
      <object_component id="oc-21a">
         <name>.text</name>
         <load_address>0x6ca4</load_address>
         <run_address>0x6ca4</run_address>
         <size>0x214</size>
         <input_file_ref idref="fl-d1"/>
      </object_component>
      <object_component id="oc-1fe">
         <name>.text</name>
         <load_address>0x6eb8</load_address>
         <run_address>0x6eb8</run_address>
         <size>0x190</size>
         <input_file_ref idref="fl-d3"/>
      </object_component>
      <object_component id="oc-4d">
         <name>.text</name>
         <load_address>0x7048</load_address>
         <run_address>0x7048</run_address>
         <size>0x180</size>
         <input_file_ref idref="fl-d6"/>
      </object_component>
      <object_component id="oc-21f">
         <name>.text:floor</name>
         <load_address>0x71c8</load_address>
         <run_address>0x71c8</run_address>
         <size>0x158</size>
         <input_file_ref idref="fl-d0"/>
      </object_component>
      <object_component id="oc-db">
         <name>.text</name>
         <load_address>0x7320</load_address>
         <run_address>0x7320</run_address>
         <size>0x154</size>
         <input_file_ref idref="fl-9"/>
      </object_component>
      <object_component id="oc-1f9">
         <name>.text</name>
         <load_address>0x7474</load_address>
         <run_address>0x7474</run_address>
         <size>0x128</size>
         <input_file_ref idref="fl-d4"/>
      </object_component>
      <object_component id="oc-22">
         <name>.text:retain</name>
         <load_address>0x759c</load_address>
         <run_address>0x759c</run_address>
         <size>0xec</size>
         <input_file_ref idref="fl-5"/>
      </object_component>
      <object_component id="oc-a0">
         <name>.text</name>
         <load_address>0x7688</load_address>
         <run_address>0x7688</run_address>
         <size>0xe8</size>
         <input_file_ref idref="fl-3"/>
      </object_component>
      <object_component id="oc-91">
         <name>.text</name>
         <load_address>0x7770</load_address>
         <run_address>0x7770</run_address>
         <size>0xe4</size>
         <input_file_ref idref="fl-8"/>
      </object_component>
      <object_component id="oc-28a">
         <name>.text:__aeabi_cdrcmple</name>
         <load_address>0x7854</load_address>
         <run_address>0x7854</run_address>
         <size>0xe0</size>
         <input_file_ref idref="fl-d2"/>
      </object_component>
      <object_component id="oc-e3">
         <name>.text</name>
         <load_address>0x7934</load_address>
         <run_address>0x7934</run_address>
         <size>0xe0</size>
         <input_file_ref idref="fl-12"/>
      </object_component>
      <object_component id="oc-89">
         <name>.text</name>
         <load_address>0x7a14</load_address>
         <run_address>0x7a14</run_address>
         <size>0xcc</size>
         <input_file_ref idref="fl-e"/>
      </object_component>
      <object_component id="oc-cd">
         <name>.text</name>
         <load_address>0x7ae0</load_address>
         <run_address>0x7ae0</run_address>
         <size>0xb0</size>
         <input_file_ref idref="fl-d8"/>
      </object_component>
      <object_component id="oc-f1">
         <name>.text:__TI_auto_init_nobinit_nopinit:__TI_auto_init_nobinit_nopinit</name>
         <load_address>0x7b90</load_address>
         <run_address>0x7b90</run_address>
         <size>0x68</size>
         <input_file_ref idref="fl-da"/>
      </object_component>
      <object_component id="oc-203">
         <name>.text</name>
         <load_address>0x7bf8</load_address>
         <run_address>0x7bf8</run_address>
         <size>0x58</size>
         <input_file_ref idref="fl-d5"/>
      </object_component>
      <object_component id="oc-1f4">
         <name>.text</name>
         <load_address>0x7c50</load_address>
         <run_address>0x7c50</run_address>
         <size>0x50</size>
         <input_file_ref idref="fl-d9"/>
      </object_component>
      <object_component id="oc-208">
         <name>.text</name>
         <load_address>0x7ca0</load_address>
         <run_address>0x7ca0</run_address>
         <size>0x34</size>
         <input_file_ref idref="fl-d7"/>
      </object_component>
      <object_component id="oc-59">
         <name>.text:decompress:ZI:__TI_zero_init_nomemset:__TI_zero_init_nomemset</name>
         <load_address>0x7cd4</load_address>
         <run_address>0x7cd4</run_address>
         <size>0x28</size>
         <input_file_ref idref="fl-dc"/>
      </object_component>
      <object_component id="oc-150">
         <name>.text:abort:abort</name>
         <load_address>0x7cfc</load_address>
         <run_address>0x7cfc</run_address>
         <size>0x8</size>
         <input_file_ref idref="fl-df"/>
      </object_component>
      <object_component id="oc-30">
         <name>.text:retain</name>
         <load_address>0x7d04</load_address>
         <run_address>0x7d04</run_address>
         <size>0x4</size>
         <input_file_ref idref="fl-11"/>
      </object_component>
      <object_component id="oc-279">
         <name>.text</name>
         <load_address>0x7d08</load_address>
         <run_address>0x7d08</run_address>
         <size>0x4</size>
         <input_file_ref idref="fl-e1"/>
      </object_component>
      <object_component id="oc-70">
         <name>.text</name>
         <load_address>0x7d0c</load_address>
         <run_address>0x7d0c</run_address>
         <size>0x4</size>
         <input_file_ref idref="fl-14"/>
      </object_component>
      <object_component id="oc-20d">
         <name>.const:het1PROGRAM</name>
         <load_address>0x7d10</load_address>
         <run_address>0x7d10</run_address>
         <size>0x3a0</size>
         <input_file_ref idref="fl-7"/>
      </object_component>
      <object_component id="oc-28">
         <name>.const:s_vim_init</name>
         <load_address>0x80b0</load_address>
         <run_address>0x80b0</run_address>
         <size>0x180</size>
         <input_file_ref idref="fl-15"/>
      </object_component>
      <object_component id="oc-210">
         <name>.const:s_het1pwmPolarity</name>
         <load_address>0x8230</load_address>
         <run_address>0x8230</run_address>
         <size>0x20</size>
         <input_file_ref idref="fl-7"/>
      </object_component>
      <object_component id="oc-13f">
         <name>.const:$P$T1$1</name>
         <load_address>0x8250</load_address>
         <run_address>0x8250</run_address>
         <size>0x4</size>
         <input_file_ref idref="fl-e"/>
      </object_component>
      <object_component id="oc-302">
         <name>.cinit..bss.load</name>
         <load_address>0x8258</load_address>
         <run_address>0x8258</run_address>
         <size>0x8</size>
      </object_component>
      <object_component id="oc-300">
         <name>__TI_handler_table</name>
         <load_address>0x8260</load_address>
         <run_address>0x8260</run_address>
         <size>0x4</size>
      </object_component>
      <object_component id="oc-301">
         <name>__TI_cinit_table</name>
         <load_address>0x8264</load_address>
         <run_address>0x8264</run_address>
         <size>0x8</size>
      </object_component>
      <object_component id="oc-225">
         <name>.bss:g_sciTransfer_t</name>
         <uninitialized>true</uninitialized>
         <run_address>0x8001548</run_address>
         <size>0x14</size>
         <input_file_ref idref="fl-a"/>
      </object_component>
      <object_component id="oc-22a">
         <name>.bss:g_spiPacket_t</name>
         <uninitialized>true</uninitialized>
         <run_address>0x8001500</run_address>
         <size>0x48</size>
         <input_file_ref idref="fl-b"/>
      </object_component>
      <object_component id="oc-142">
         <name>.common:MPU</name>
         <uninitialized>true</uninitialized>
         <run_address>0x800155c</run_address>
         <size>0xc</size>
      </object_component>
      <object_component id="oc-230">
         <name>.debug_info</name>
         <load_address>0x0</load_address>
         <run_address>0x0</run_address>
         <size>0x26d</size>
         <input_file_ref idref="fl-2"/>
      </object_component>
      <object_component id="oc-13a">
         <name>.debug_info</name>
         <load_address>0x26d</load_address>
         <run_address>0x26d</run_address>
         <size>0x718</size>
         <input_file_ref idref="fl-2"/>
      </object_component>
      <object_component id="oc-160">
         <name>.debug_info</name>
         <load_address>0x985</load_address>
         <run_address>0x985</run_address>
         <size>0x26b</size>
         <input_file_ref idref="fl-2"/>
      </object_component>
      <object_component id="oc-98">
         <name>.debug_info</name>
         <load_address>0xbf0</load_address>
         <run_address>0xbf0</run_address>
         <size>0x157</size>
         <input_file_ref idref="fl-2"/>
      </object_component>
      <object_component id="oc-146">
         <name>.debug_info</name>
         <load_address>0xd47</load_address>
         <run_address>0xd47</run_address>
         <size>0x375</size>
         <input_file_ref idref="fl-2"/>
      </object_component>
      <object_component id="oc-ad">
         <name>.debug_info</name>
         <load_address>0x10bc</load_address>
         <run_address>0x10bc</run_address>
         <size>0x8b</size>
         <input_file_ref idref="fl-2"/>
      </object_component>
      <object_component id="oc-244">
         <name>.debug_info</name>
         <load_address>0x1147</load_address>
         <run_address>0x1147</run_address>
         <size>0x2a4</size>
         <input_file_ref idref="fl-2"/>
      </object_component>
      <object_component id="oc-14b">
         <name>.debug_info</name>
         <load_address>0x13eb</load_address>
         <run_address>0x13eb</run_address>
         <size>0xbb</size>
         <input_file_ref idref="fl-2"/>
      </object_component>
      <object_component id="oc-b2">
         <name>.debug_info</name>
         <load_address>0x14a6</load_address>
         <run_address>0x14a6</run_address>
         <size>0x86</size>
         <input_file_ref idref="fl-2"/>
      </object_component>
      <object_component id="oc-16f">
         <name>.debug_info</name>
         <load_address>0x152c</load_address>
         <run_address>0x152c</run_address>
         <size>0x1f9</size>
         <input_file_ref idref="fl-2"/>
      </object_component>
      <object_component id="oc-235">
         <name>.debug_info</name>
         <load_address>0x1725</load_address>
         <run_address>0x1725</run_address>
         <size>0x76</size>
         <input_file_ref idref="fl-2"/>
      </object_component>
      <object_component id="oc-23f">
         <name>.debug_info</name>
         <load_address>0x179b</load_address>
         <run_address>0x179b</run_address>
         <size>0x26c</size>
         <input_file_ref idref="fl-2"/>
      </object_component>
      <object_component id="oc-a1">
         <name>.debug_info</name>
         <load_address>0x1a07</load_address>
         <run_address>0x1a07</run_address>
         <size>0x11a</size>
         <input_file_ref idref="fl-3"/>
      </object_component>
      <object_component id="oc-198">
         <name>.debug_info</name>
         <load_address>0x1b21</load_address>
         <run_address>0x1b21</run_address>
         <size>0x1ab</size>
         <input_file_ref idref="fl-4"/>
      </object_component>
      <object_component id="oc-6e">
         <name>.debug_info</name>
         <load_address>0x1ccc</load_address>
         <run_address>0x1ccc</run_address>
         <size>0x65a</size>
         <input_file_ref idref="fl-4"/>
      </object_component>
      <object_component id="oc-48">
         <name>.debug_info</name>
         <load_address>0x2326</load_address>
         <run_address>0x2326</run_address>
         <size>0x84</size>
         <input_file_ref idref="fl-4"/>
      </object_component>
      <object_component id="oc-d5">
         <name>.debug_info</name>
         <load_address>0x23aa</load_address>
         <run_address>0x23aa</run_address>
         <size>0x9e7</size>
         <input_file_ref idref="fl-4"/>
      </object_component>
      <object_component id="oc-f0">
         <name>.debug_info</name>
         <load_address>0x2d91</load_address>
         <run_address>0x2d91</run_address>
         <size>0x203</size>
         <input_file_ref idref="fl-5"/>
      </object_component>
      <object_component id="oc-84">
         <name>.debug_info</name>
         <load_address>0x2f94</load_address>
         <run_address>0x2f94</run_address>
         <size>0xb46</size>
         <input_file_ref idref="fl-5"/>
      </object_component>
      <object_component id="oc-23">
         <name>.debug_info</name>
         <load_address>0x3ada</load_address>
         <run_address>0x3ada</run_address>
         <size>0x1a6</size>
         <input_file_ref idref="fl-5"/>
      </object_component>
      <object_component id="oc-a8">
         <name>.debug_info</name>
         <load_address>0x3c80</load_address>
         <run_address>0x3c80</run_address>
         <size>0x18c</size>
         <input_file_ref idref="fl-5"/>
      </object_component>
      <object_component id="oc-165">
         <name>.debug_info</name>
         <load_address>0x3e0c</load_address>
         <run_address>0x3e0c</run_address>
         <size>0x1de</size>
         <input_file_ref idref="fl-5"/>
      </object_component>
      <object_component id="oc-eb">
         <name>.debug_info</name>
         <load_address>0x3fea</load_address>
         <run_address>0x3fea</run_address>
         <size>0x129</size>
         <input_file_ref idref="fl-5"/>
      </object_component>
      <object_component id="oc-17e">
         <name>.debug_info</name>
         <load_address>0x4113</load_address>
         <run_address>0x4113</run_address>
         <size>0x2cf</size>
         <input_file_ref idref="fl-5"/>
      </object_component>
      <object_component id="oc-1f3">
         <name>.debug_info</name>
         <load_address>0x43e2</load_address>
         <run_address>0x43e2</run_address>
         <size>0x186</size>
         <input_file_ref idref="fl-6"/>
      </object_component>
      <object_component id="oc-122">
         <name>.debug_info</name>
         <load_address>0x4568</load_address>
         <run_address>0x4568</run_address>
         <size>0x6f3</size>
         <input_file_ref idref="fl-6"/>
      </object_component>
      <object_component id="oc-274">
         <name>.debug_info</name>
         <load_address>0x4c5b</load_address>
         <run_address>0x4c5b</run_address>
         <size>0xda</size>
         <input_file_ref idref="fl-6"/>
      </object_component>
      <object_component id="oc-214">
         <name>.debug_info</name>
         <load_address>0x4d35</load_address>
         <run_address>0x4d35</run_address>
         <size>0x1e2</size>
         <input_file_ref idref="fl-7"/>
      </object_component>
      <object_component id="oc-211">
         <name>.debug_info</name>
         <load_address>0x4f17</load_address>
         <run_address>0x4f17</run_address>
         <size>0x109</size>
         <input_file_ref idref="fl-7"/>
      </object_component>
      <object_component id="oc-20e">
         <name>.debug_info</name>
         <load_address>0x5020</load_address>
         <run_address>0x5020</run_address>
         <size>0xfd</size>
         <input_file_ref idref="fl-7"/>
      </object_component>
      <object_component id="oc-12a">
         <name>.debug_info</name>
         <load_address>0x511d</load_address>
         <run_address>0x511d</run_address>
         <size>0xeb7</size>
         <input_file_ref idref="fl-7"/>
      </object_component>
      <object_component id="oc-190">
         <name>.debug_info</name>
         <load_address>0x5fd4</load_address>
         <run_address>0x5fd4</run_address>
         <size>0x2c</size>
         <input_file_ref idref="fl-7"/>
      </object_component>
      <object_component id="oc-1ac">
         <name>.debug_info</name>
         <load_address>0x6000</load_address>
         <run_address>0x6000</run_address>
         <size>0x35</size>
         <input_file_ref idref="fl-7"/>
      </object_component>
      <object_component id="oc-1bb">
         <name>.debug_info</name>
         <load_address>0x6035</load_address>
         <run_address>0x6035</run_address>
         <size>0x3d3</size>
         <input_file_ref idref="fl-7"/>
      </object_component>
      <object_component id="oc-215">
         <name>.debug_info</name>
         <load_address>0x6408</load_address>
         <run_address>0x6408</run_address>
         <size>0x2e3</size>
         <input_file_ref idref="fl-7"/>
      </object_component>
      <object_component id="oc-15d">
         <name>.debug_info</name>
         <load_address>0x66eb</load_address>
         <run_address>0x66eb</run_address>
         <size>0x359</size>
         <input_file_ref idref="fl-8"/>
      </object_component>
      <object_component id="oc-92">
         <name>.debug_info</name>
         <load_address>0x6a44</load_address>
         <run_address>0x6a44</run_address>
         <size>0xa15</size>
         <input_file_ref idref="fl-8"/>
      </object_component>
      <object_component id="oc-19d">
         <name>.debug_info</name>
         <load_address>0x7459</load_address>
         <run_address>0x7459</run_address>
         <size>0x791</size>
         <input_file_ref idref="fl-8"/>
      </object_component>
      <object_component id="oc-1a2">
         <name>.debug_info</name>
         <load_address>0x7bea</load_address>
         <run_address>0x7bea</run_address>
         <size>0x4de</size>
         <input_file_ref idref="fl-8"/>
      </object_component>
      <object_component id="oc-1a7">
         <name>.debug_info</name>
         <load_address>0x80c8</load_address>
         <run_address>0x80c8</run_address>
         <size>0x3ce</size>
         <input_file_ref idref="fl-8"/>
      </object_component>
      <object_component id="oc-1b1">
         <name>.debug_info</name>
         <load_address>0x8496</load_address>
         <run_address>0x8496</run_address>
         <size>0x437</size>
         <input_file_ref idref="fl-8"/>
      </object_component>
      <object_component id="oc-1dc">
         <name>.debug_info</name>
         <load_address>0x88cd</load_address>
         <run_address>0x88cd</run_address>
         <size>0x37b</size>
         <input_file_ref idref="fl-8"/>
      </object_component>
      <object_component id="oc-1b6">
         <name>.debug_info</name>
         <load_address>0x8c48</load_address>
         <run_address>0x8c48</run_address>
         <size>0x1ca</size>
         <input_file_ref idref="fl-8"/>
      </object_component>
      <object_component id="oc-16a">
         <name>.debug_info</name>
         <load_address>0x8e12</load_address>
         <run_address>0x8e12</run_address>
         <size>0x435</size>
         <input_file_ref idref="fl-8"/>
      </object_component>
      <object_component id="oc-1cf">
         <name>.debug_info</name>
         <load_address>0x9247</load_address>
         <run_address>0x9247</run_address>
         <size>0x510</size>
         <input_file_ref idref="fl-8"/>
      </object_component>
      <object_component id="oc-1c5">
         <name>.debug_info</name>
         <load_address>0x9757</load_address>
         <run_address>0x9757</run_address>
         <size>0x1de</size>
         <input_file_ref idref="fl-8"/>
      </object_component>
      <object_component id="oc-23a">
         <name>.debug_info</name>
         <load_address>0x9935</load_address>
         <run_address>0x9935</run_address>
         <size>0x243</size>
         <input_file_ref idref="fl-8"/>
      </object_component>
      <object_component id="oc-29f">
         <name>.debug_info</name>
         <load_address>0x9b78</load_address>
         <run_address>0x9b78</run_address>
         <size>0x18e</size>
         <input_file_ref idref="fl-8"/>
      </object_component>
      <object_component id="oc-1d4">
         <name>.debug_info</name>
         <load_address>0x9d06</load_address>
         <run_address>0x9d06</run_address>
         <size>0x17a</size>
         <input_file_ref idref="fl-8"/>
      </object_component>
      <object_component id="oc-174">
         <name>.debug_info</name>
         <load_address>0x9e80</load_address>
         <run_address>0x9e80</run_address>
         <size>0x642</size>
         <input_file_ref idref="fl-8"/>
      </object_component>
      <object_component id="oc-179">
         <name>.debug_info</name>
         <load_address>0xa4c2</load_address>
         <run_address>0xa4c2</run_address>
         <size>0x13e</size>
         <input_file_ref idref="fl-8"/>
      </object_component>
      <object_component id="oc-19a">
         <name>.debug_info</name>
         <load_address>0xa600</load_address>
         <run_address>0xa600</run_address>
         <size>0x16d</size>
         <input_file_ref idref="fl-9"/>
      </object_component>
      <object_component id="oc-df">
         <name>.debug_info</name>
         <load_address>0xa76d</load_address>
         <run_address>0xa76d</run_address>
         <size>0x200</size>
         <input_file_ref idref="fl-9"/>
      </object_component>
      <object_component id="oc-1c0">
         <name>.debug_info</name>
         <load_address>0xa96d</load_address>
         <run_address>0xa96d</run_address>
         <size>0x1d8</size>
         <input_file_ref idref="fl-9"/>
      </object_component>
      <object_component id="oc-259">
         <name>.debug_info</name>
         <load_address>0xab45</load_address>
         <run_address>0xab45</run_address>
         <size>0xc6</size>
         <input_file_ref idref="fl-9"/>
      </object_component>
      <object_component id="oc-229">
         <name>.debug_info</name>
         <load_address>0xac0b</load_address>
         <run_address>0xac0b</run_address>
         <size>0x1c5</size>
         <input_file_ref idref="fl-a"/>
      </object_component>
      <object_component id="oc-226">
         <name>.debug_info</name>
         <load_address>0xadd0</load_address>
         <run_address>0xadd0</run_address>
         <size>0x105</size>
         <input_file_ref idref="fl-a"/>
      </object_component>
      <object_component id="oc-12e">
         <name>.debug_info</name>
         <load_address>0xaed5</load_address>
         <run_address>0xaed5</run_address>
         <size>0xc57</size>
         <input_file_ref idref="fl-a"/>
      </object_component>
      <object_component id="oc-29a">
         <name>.debug_info</name>
         <load_address>0xbb2c</load_address>
         <run_address>0xbb2c</run_address>
         <size>0x91</size>
         <input_file_ref idref="fl-a"/>
      </object_component>
      <object_component id="oc-22e">
         <name>.debug_info</name>
         <load_address>0xbbbd</load_address>
         <run_address>0xbbbd</run_address>
         <size>0x1bd</size>
         <input_file_ref idref="fl-b"/>
      </object_component>
      <object_component id="oc-22b">
         <name>.debug_info</name>
         <load_address>0xbd7a</load_address>
         <run_address>0xbd7a</run_address>
         <size>0x101</size>
         <input_file_ref idref="fl-b"/>
      </object_component>
      <object_component id="oc-134">
         <name>.debug_info</name>
         <load_address>0xbe7b</load_address>
         <run_address>0xbe7b</run_address>
         <size>0xf92</size>
         <input_file_ref idref="fl-b"/>
      </object_component>
      <object_component id="oc-2a8">
         <name>.debug_info</name>
         <load_address>0xce0d</load_address>
         <run_address>0xce0d</run_address>
         <size>0xb9</size>
         <input_file_ref idref="fl-b"/>
      </object_component>
      <object_component id="oc-66">
         <name>.debug_info</name>
         <load_address>0xcec6</load_address>
         <run_address>0xcec6</run_address>
         <size>0x79b</size>
         <input_file_ref idref="fl-c"/>
      </object_component>
      <object_component id="oc-2e">
         <name>.debug_info</name>
         <load_address>0xd661</load_address>
         <run_address>0xd661</run_address>
         <size>0x122</size>
         <input_file_ref idref="fl-d"/>
      </object_component>
      <object_component id="oc-143">
         <name>.debug_info</name>
         <load_address>0xd783</load_address>
         <run_address>0xd783</run_address>
         <size>0x2e2</size>
         <input_file_ref idref="fl-e"/>
      </object_component>
      <object_component id="oc-140">
         <name>.debug_info</name>
         <load_address>0xda65</load_address>
         <run_address>0xda65</run_address>
         <size>0xfa</size>
         <input_file_ref idref="fl-e"/>
      </object_component>
      <object_component id="oc-8a">
         <name>.debug_info</name>
         <load_address>0xdb5f</load_address>
         <run_address>0xdb5f</run_address>
         <size>0x29a</size>
         <input_file_ref idref="fl-e"/>
      </object_component>
      <object_component id="oc-25e">
         <name>.debug_info</name>
         <load_address>0xddf9</load_address>
         <run_address>0xddf9</run_address>
         <size>0x18c</size>
         <input_file_ref idref="fl-10"/>
      </object_component>
      <object_component id="oc-2bf">
         <name>.debug_info</name>
         <load_address>0xdf85</load_address>
         <run_address>0xdf85</run_address>
         <size>0x242</size>
         <input_file_ref idref="fl-10"/>
      </object_component>
      <object_component id="oc-1ca">
         <name>.debug_info</name>
         <load_address>0xe1c7</load_address>
         <run_address>0xe1c7</run_address>
         <size>0x2af</size>
         <input_file_ref idref="fl-10"/>
      </object_component>
      <object_component id="oc-32">
         <name>.debug_info</name>
         <load_address>0xe476</load_address>
         <run_address>0xe476</run_address>
         <size>0x157</size>
         <input_file_ref idref="fl-11"/>
      </object_component>
      <object_component id="oc-e4">
         <name>.debug_info</name>
         <load_address>0xe5cd</load_address>
         <run_address>0xe5cd</run_address>
         <size>0x381</size>
         <input_file_ref idref="fl-12"/>
      </object_component>
      <object_component id="oc-e9">
         <name>.debug_info</name>
         <load_address>0xe94e</load_address>
         <run_address>0xe94e</run_address>
         <size>0x554</size>
         <input_file_ref idref="fl-13"/>
      </object_component>
      <object_component id="oc-7d">
         <name>.debug_info</name>
         <load_address>0xeea2</load_address>
         <run_address>0xeea2</run_address>
         <size>0x281c</size>
         <input_file_ref idref="fl-13"/>
      </object_component>
      <object_component id="oc-1d">
         <name>.debug_info</name>
         <load_address>0x116be</load_address>
         <run_address>0x116be</run_address>
         <size>0x53e</size>
         <input_file_ref idref="fl-14"/>
      </object_component>
      <object_component id="oc-71">
         <name>.debug_info</name>
         <load_address>0x11bfc</load_address>
         <run_address>0x11bfc</run_address>
         <size>0x150</size>
         <input_file_ref idref="fl-14"/>
      </object_component>
      <object_component id="oc-9f">
         <name>.debug_info</name>
         <load_address>0x11d4c</load_address>
         <run_address>0x11d4c</run_address>
         <size>0x32a</size>
         <input_file_ref idref="fl-15"/>
      </object_component>
      <object_component id="oc-29">
         <name>.debug_info</name>
         <load_address>0x12076</load_address>
         <run_address>0x12076</run_address>
         <size>0xff</size>
         <input_file_ref idref="fl-15"/>
      </object_component>
      <object_component id="oc-39">
         <name>.debug_info</name>
         <load_address>0x12175</load_address>
         <run_address>0x12175</run_address>
         <size>0x491</size>
         <input_file_ref idref="fl-15"/>
      </object_component>
      <object_component id="oc-3f">
         <name>.debug_info</name>
         <load_address>0x12606</load_address>
         <run_address>0x12606</run_address>
         <size>0x21a</size>
         <input_file_ref idref="fl-15"/>
      </object_component>
      <object_component id="oc-183">
         <name>.debug_info</name>
         <load_address>0x12820</load_address>
         <run_address>0x12820</run_address>
         <size>0x4f</size>
         <input_file_ref idref="fl-15"/>
      </object_component>
      <object_component id="oc-e2">
         <name>.debug_info</name>
         <load_address>0x1286f</load_address>
         <run_address>0x1286f</run_address>
         <size>0x400</size>
         <input_file_ref idref="fl-16"/>
      </object_component>
      <object_component id="oc-77">
         <name>.debug_info</name>
         <load_address>0x12c6f</load_address>
         <run_address>0x12c6f</run_address>
         <size>0x7f4</size>
         <input_file_ref idref="fl-16"/>
      </object_component>
      <object_component id="oc-295">
         <name>.debug_info</name>
         <load_address>0x13463</load_address>
         <run_address>0x13463</run_address>
         <size>0x125</size>
         <input_file_ref idref="fl-d0"/>
      </object_component>
      <object_component id="oc-220">
         <name>.debug_info</name>
         <load_address>0x13588</load_address>
         <run_address>0x13588</run_address>
         <size>0x1f7</size>
         <input_file_ref idref="fl-d0"/>
      </object_component>
      <object_component id="oc-2d2">
         <name>.debug_info</name>
         <load_address>0x1377f</load_address>
         <run_address>0x1377f</run_address>
         <size>0x46</size>
         <input_file_ref idref="fl-d0"/>
      </object_component>
      <object_component id="oc-290">
         <name>.debug_info</name>
         <load_address>0x137c5</load_address>
         <run_address>0x137c5</run_address>
         <size>0x39</size>
         <input_file_ref idref="fl-d0"/>
      </object_component>
      <object_component id="oc-21b">
         <name>.debug_info</name>
         <load_address>0x137fe</load_address>
         <run_address>0x137fe</run_address>
         <size>0x131</size>
         <input_file_ref idref="fl-d1"/>
      </object_component>
      <object_component id="oc-28c">
         <name>.debug_info</name>
         <load_address>0x1392f</load_address>
         <run_address>0x1392f</run_address>
         <size>0xfa</size>
         <input_file_ref idref="fl-d2"/>
      </object_component>
      <object_component id="oc-1ff">
         <name>.debug_info</name>
         <load_address>0x13a29</load_address>
         <run_address>0x13a29</run_address>
         <size>0x116</size>
         <input_file_ref idref="fl-d3"/>
      </object_component>
      <object_component id="oc-1fb">
         <name>.debug_info</name>
         <load_address>0x13b3f</load_address>
         <run_address>0x13b3f</run_address>
         <size>0x116</size>
         <input_file_ref idref="fl-d4"/>
      </object_component>
      <object_component id="oc-205">
         <name>.debug_info</name>
         <load_address>0x13c55</load_address>
         <run_address>0x13c55</run_address>
         <size>0x10f</size>
         <input_file_ref idref="fl-d5"/>
      </object_component>
      <object_component id="oc-4f">
         <name>.debug_info</name>
         <load_address>0x13d64</load_address>
         <run_address>0x13d64</run_address>
         <size>0x152</size>
         <input_file_ref idref="fl-d6"/>
      </object_component>
      <object_component id="oc-20b">
         <name>.debug_info</name>
         <load_address>0x13eb6</load_address>
         <run_address>0x13eb6</run_address>
         <size>0xfb</size>
         <input_file_ref idref="fl-d7"/>
      </object_component>
      <object_component id="oc-ce">
         <name>.debug_info</name>
         <load_address>0x13fb1</load_address>
         <run_address>0x13fb1</run_address>
         <size>0x11a</size>
         <input_file_ref idref="fl-d8"/>
      </object_component>
      <object_component id="oc-1f6">
         <name>.debug_info</name>
         <load_address>0x140cb</load_address>
         <run_address>0x140cb</run_address>
         <size>0x11f</size>
         <input_file_ref idref="fl-d9"/>
      </object_component>
      <object_component id="oc-1e4">
         <name>.debug_info</name>
         <load_address>0x141ea</load_address>
         <run_address>0x141ea</run_address>
         <size>0x353</size>
         <input_file_ref idref="fl-da"/>
      </object_component>
      <object_component id="oc-f2">
         <name>.debug_info</name>
         <load_address>0x1453d</load_address>
         <run_address>0x1453d</run_address>
         <size>0x174</size>
         <input_file_ref idref="fl-da"/>
      </object_component>
      <object_component id="oc-261">
         <name>.debug_info</name>
         <load_address>0x146b1</load_address>
         <run_address>0x146b1</run_address>
         <size>0x39</size>
         <input_file_ref idref="fl-da"/>
      </object_component>
      <object_component id="oc-2c4">
         <name>.debug_info</name>
         <load_address>0x146ea</load_address>
         <run_address>0x146ea</run_address>
         <size>0x39</size>
         <input_file_ref idref="fl-da"/>
      </object_component>
      <object_component id="oc-266">
         <name>.debug_info</name>
         <load_address>0x14723</load_address>
         <run_address>0x14723</run_address>
         <size>0x39</size>
         <input_file_ref idref="fl-da"/>
      </object_component>
      <object_component id="oc-26b">
         <name>.debug_info</name>
         <load_address>0x1475c</load_address>
         <run_address>0x1475c</run_address>
         <size>0xcd</size>
         <input_file_ref idref="fl-da"/>
      </object_component>
      <object_component id="oc-cc">
         <name>.debug_info</name>
         <load_address>0x14829</load_address>
         <run_address>0x14829</run_address>
         <size>0x16f</size>
         <input_file_ref idref="fl-dc"/>
      </object_component>
      <object_component id="oc-5a">
         <name>.debug_info</name>
         <load_address>0x14998</load_address>
         <run_address>0x14998</run_address>
         <size>0x1a0</size>
         <input_file_ref idref="fl-dc"/>
      </object_component>
      <object_component id="oc-c7">
         <name>.debug_info</name>
         <load_address>0x14b38</load_address>
         <run_address>0x14b38</run_address>
         <size>0x46</size>
         <input_file_ref idref="fl-dc"/>
      </object_component>
      <object_component id="oc-152">
         <name>.debug_info</name>
         <load_address>0x14b7e</load_address>
         <run_address>0x14b7e</run_address>
         <size>0xf0</size>
         <input_file_ref idref="fl-df"/>
      </object_component>
      <object_component id="oc-27a">
         <name>.debug_info</name>
         <load_address>0x14c6e</load_address>
         <run_address>0x14c6e</run_address>
         <size>0xe3</size>
         <input_file_ref idref="fl-e1"/>
      </object_component>
      <object_component id="oc-304">
         <name>.debug_info</name>
         <load_address>0x14d51</load_address>
         <run_address>0x14d51</run_address>
         <size>0xc1</size>
      </object_component>
      <object_component id="oc-2ae">
         <name>.debug_line</name>
         <load_address>0x0</load_address>
         <run_address>0x0</run_address>
         <size>0x7e</size>
         <input_file_ref idref="fl-2"/>
      </object_component>
      <object_component id="oc-13e">
         <name>.debug_line</name>
         <load_address>0x7e</load_address>
         <run_address>0x7e</run_address>
         <size>0x117</size>
         <input_file_ref idref="fl-2"/>
      </object_component>
      <object_component id="oc-163">
         <name>.debug_line</name>
         <load_address>0x195</load_address>
         <run_address>0x195</run_address>
         <size>0x6f</size>
         <input_file_ref idref="fl-2"/>
      </object_component>
      <object_component id="oc-9b">
         <name>.debug_line</name>
         <load_address>0x204</load_address>
         <run_address>0x204</run_address>
         <size>0x87</size>
         <input_file_ref idref="fl-2"/>
      </object_component>
      <object_component id="oc-149">
         <name>.debug_line</name>
         <load_address>0x28b</load_address>
         <run_address>0x28b</run_address>
         <size>0x7e</size>
         <input_file_ref idref="fl-2"/>
      </object_component>
      <object_component id="oc-b0">
         <name>.debug_line</name>
         <load_address>0x309</load_address>
         <run_address>0x309</run_address>
         <size>0x20</size>
         <input_file_ref idref="fl-2"/>
      </object_component>
      <object_component id="oc-247">
         <name>.debug_line</name>
         <load_address>0x329</load_address>
         <run_address>0x329</run_address>
         <size>0x73</size>
         <input_file_ref idref="fl-2"/>
      </object_component>
      <object_component id="oc-14e">
         <name>.debug_line</name>
         <load_address>0x39c</load_address>
         <run_address>0x39c</run_address>
         <size>0x70</size>
         <input_file_ref idref="fl-2"/>
      </object_component>
      <object_component id="oc-b5">
         <name>.debug_line</name>
         <load_address>0x40c</load_address>
         <run_address>0x40c</run_address>
         <size>0x85</size>
         <input_file_ref idref="fl-2"/>
      </object_component>
      <object_component id="oc-172">
         <name>.debug_line</name>
         <load_address>0x491</load_address>
         <run_address>0x491</run_address>
         <size>0x82</size>
         <input_file_ref idref="fl-2"/>
      </object_component>
      <object_component id="oc-238">
         <name>.debug_line</name>
         <load_address>0x513</load_address>
         <run_address>0x513</run_address>
         <size>0x38</size>
         <input_file_ref idref="fl-2"/>
      </object_component>
      <object_component id="oc-242">
         <name>.debug_line</name>
         <load_address>0x54b</load_address>
         <run_address>0x54b</run_address>
         <size>0x82</size>
         <input_file_ref idref="fl-2"/>
      </object_component>
      <object_component id="oc-a4">
         <name>.debug_line</name>
         <load_address>0x5cd</load_address>
         <run_address>0x5cd</run_address>
         <size>0x78</size>
         <input_file_ref idref="fl-3"/>
      </object_component>
      <object_component id="oc-256">
         <name>.debug_line</name>
         <load_address>0x645</load_address>
         <run_address>0x645</run_address>
         <size>0x20</size>
         <input_file_ref idref="fl-4"/>
      </object_component>
      <object_component id="oc-6b">
         <name>.debug_line</name>
         <load_address>0x665</load_address>
         <run_address>0x665</run_address>
         <size>0x1ea</size>
         <input_file_ref idref="fl-4"/>
      </object_component>
      <object_component id="oc-4b">
         <name>.debug_line</name>
         <load_address>0x84f</load_address>
         <run_address>0x84f</run_address>
         <size>0x20</size>
         <input_file_ref idref="fl-4"/>
      </object_component>
      <object_component id="oc-d8">
         <name>.debug_line</name>
         <load_address>0x86f</load_address>
         <run_address>0x86f</run_address>
         <size>0x91</size>
         <input_file_ref idref="fl-4"/>
      </object_component>
      <object_component id="oc-1e2">
         <name>.debug_line</name>
         <load_address>0x900</load_address>
         <run_address>0x900</run_address>
         <size>0x7e</size>
         <input_file_ref idref="fl-5"/>
      </object_component>
      <object_component id="oc-83">
         <name>.debug_line</name>
         <load_address>0x97e</load_address>
         <run_address>0x97e</run_address>
         <size>0x26b</size>
         <input_file_ref idref="fl-5"/>
      </object_component>
      <object_component id="oc-26">
         <name>.debug_line</name>
         <load_address>0xbe9</load_address>
         <run_address>0xbe9</run_address>
         <size>0x63</size>
         <input_file_ref idref="fl-5"/>
      </object_component>
      <object_component id="oc-ab">
         <name>.debug_line</name>
         <load_address>0xc4c</load_address>
         <run_address>0xc4c</run_address>
         <size>0x82</size>
         <input_file_ref idref="fl-5"/>
      </object_component>
      <object_component id="oc-168">
         <name>.debug_line</name>
         <load_address>0xcce</load_address>
         <run_address>0xcce</run_address>
         <size>0x82</size>
         <input_file_ref idref="fl-5"/>
      </object_component>
      <object_component id="oc-ee">
         <name>.debug_line</name>
         <load_address>0xd50</load_address>
         <run_address>0xd50</run_address>
         <size>0x7e</size>
         <input_file_ref idref="fl-5"/>
      </object_component>
      <object_component id="oc-181">
         <name>.debug_line</name>
         <load_address>0xdce</load_address>
         <run_address>0xdce</run_address>
         <size>0x82</size>
         <input_file_ref idref="fl-5"/>
      </object_component>
      <object_component id="oc-273">
         <name>.debug_line</name>
         <load_address>0xe50</load_address>
         <run_address>0xe50</run_address>
         <size>0x20</size>
         <input_file_ref idref="fl-6"/>
      </object_component>
      <object_component id="oc-126">
         <name>.debug_line</name>
         <load_address>0xe70</load_address>
         <run_address>0xe70</run_address>
         <size>0x16a</size>
         <input_file_ref idref="fl-6"/>
      </object_component>
      <object_component id="oc-277">
         <name>.debug_line</name>
         <load_address>0xfda</load_address>
         <run_address>0xfda</run_address>
         <size>0x7e</size>
         <input_file_ref idref="fl-6"/>
      </object_component>
      <object_component id="oc-288">
         <name>.debug_line</name>
         <load_address>0x1058</load_address>
         <run_address>0x1058</run_address>
         <size>0x20</size>
         <input_file_ref idref="fl-7"/>
      </object_component>
      <object_component id="oc-286">
         <name>.debug_line</name>
         <load_address>0x1078</load_address>
         <run_address>0x1078</run_address>
         <size>0x33</size>
         <input_file_ref idref="fl-7"/>
      </object_component>
      <object_component id="oc-284">
         <name>.debug_line</name>
         <load_address>0x10ab</load_address>
         <run_address>0x10ab</run_address>
         <size>0x33</size>
         <input_file_ref idref="fl-7"/>
      </object_component>
      <object_component id="oc-128">
         <name>.debug_line</name>
         <load_address>0x10de</load_address>
         <run_address>0x10de</run_address>
         <size>0x28b</size>
         <input_file_ref idref="fl-7"/>
      </object_component>
      <object_component id="oc-193">
         <name>.debug_line</name>
         <load_address>0x1369</load_address>
         <run_address>0x1369</run_address>
         <size>0x6b</size>
         <input_file_ref idref="fl-7"/>
      </object_component>
      <object_component id="oc-1af">
         <name>.debug_line</name>
         <load_address>0x13d4</load_address>
         <run_address>0x13d4</run_address>
         <size>0x74</size>
         <input_file_ref idref="fl-7"/>
      </object_component>
      <object_component id="oc-1be">
         <name>.debug_line</name>
         <load_address>0x1448</load_address>
         <run_address>0x1448</run_address>
         <size>0x82</size>
         <input_file_ref idref="fl-7"/>
      </object_component>
      <object_component id="oc-218">
         <name>.debug_line</name>
         <load_address>0x14ca</load_address>
         <run_address>0x14ca</run_address>
         <size>0x7e</size>
         <input_file_ref idref="fl-7"/>
      </object_component>
      <object_component id="oc-254">
         <name>.debug_line</name>
         <load_address>0x1548</load_address>
         <run_address>0x1548</run_address>
         <size>0x20</size>
         <input_file_ref idref="fl-8"/>
      </object_component>
      <object_component id="oc-95">
         <name>.debug_line</name>
         <load_address>0x1568</load_address>
         <run_address>0x1568</run_address>
         <size>0x12a</size>
         <input_file_ref idref="fl-8"/>
      </object_component>
      <object_component id="oc-1a0">
         <name>.debug_line</name>
         <load_address>0x1692</load_address>
         <run_address>0x1692</run_address>
         <size>0x82</size>
         <input_file_ref idref="fl-8"/>
      </object_component>
      <object_component id="oc-1a5">
         <name>.debug_line</name>
         <load_address>0x1714</load_address>
         <run_address>0x1714</run_address>
         <size>0x85</size>
         <input_file_ref idref="fl-8"/>
      </object_component>
      <object_component id="oc-1aa">
         <name>.debug_line</name>
         <load_address>0x1799</load_address>
         <run_address>0x1799</run_address>
         <size>0x82</size>
         <input_file_ref idref="fl-8"/>
      </object_component>
      <object_component id="oc-1b4">
         <name>.debug_line</name>
         <load_address>0x181b</load_address>
         <run_address>0x181b</run_address>
         <size>0x82</size>
         <input_file_ref idref="fl-8"/>
      </object_component>
      <object_component id="oc-1df">
         <name>.debug_line</name>
         <load_address>0x189d</load_address>
         <run_address>0x189d</run_address>
         <size>0x87</size>
         <input_file_ref idref="fl-8"/>
      </object_component>
      <object_component id="oc-1b9">
         <name>.debug_line</name>
         <load_address>0x1924</load_address>
         <run_address>0x1924</run_address>
         <size>0x82</size>
         <input_file_ref idref="fl-8"/>
      </object_component>
      <object_component id="oc-16d">
         <name>.debug_line</name>
         <load_address>0x19a6</load_address>
         <run_address>0x19a6</run_address>
         <size>0x84</size>
         <input_file_ref idref="fl-8"/>
      </object_component>
      <object_component id="oc-1d2">
         <name>.debug_line</name>
         <load_address>0x1a2a</load_address>
         <run_address>0x1a2a</run_address>
         <size>0x81</size>
         <input_file_ref idref="fl-8"/>
      </object_component>
      <object_component id="oc-1c8">
         <name>.debug_line</name>
         <load_address>0x1aab</load_address>
         <run_address>0x1aab</run_address>
         <size>0x84</size>
         <input_file_ref idref="fl-8"/>
      </object_component>
      <object_component id="oc-23d">
         <name>.debug_line</name>
         <load_address>0x1b2f</load_address>
         <run_address>0x1b2f</run_address>
         <size>0x82</size>
         <input_file_ref idref="fl-8"/>
      </object_component>
      <object_component id="oc-2a2">
         <name>.debug_line</name>
         <load_address>0x1bb1</load_address>
         <run_address>0x1bb1</run_address>
         <size>0x7e</size>
         <input_file_ref idref="fl-8"/>
      </object_component>
      <object_component id="oc-1d7">
         <name>.debug_line</name>
         <load_address>0x1c2f</load_address>
         <run_address>0x1c2f</run_address>
         <size>0x82</size>
         <input_file_ref idref="fl-8"/>
      </object_component>
      <object_component id="oc-177">
         <name>.debug_line</name>
         <load_address>0x1cb1</load_address>
         <run_address>0x1cb1</run_address>
         <size>0x85</size>
         <input_file_ref idref="fl-8"/>
      </object_component>
      <object_component id="oc-17c">
         <name>.debug_line</name>
         <load_address>0x1d36</load_address>
         <run_address>0x1d36</run_address>
         <size>0x84</size>
         <input_file_ref idref="fl-8"/>
      </object_component>
      <object_component id="oc-258">
         <name>.debug_line</name>
         <load_address>0x1dba</load_address>
         <run_address>0x1dba</run_address>
         <size>0x20</size>
         <input_file_ref idref="fl-9"/>
      </object_component>
      <object_component id="oc-dc">
         <name>.debug_line</name>
         <load_address>0x1dda</load_address>
         <run_address>0x1dda</run_address>
         <size>0x80</size>
         <input_file_ref idref="fl-9"/>
      </object_component>
      <object_component id="oc-1c3">
         <name>.debug_line</name>
         <load_address>0x1e5a</load_address>
         <run_address>0x1e5a</run_address>
         <size>0x85</size>
         <input_file_ref idref="fl-9"/>
      </object_component>
      <object_component id="oc-25c">
         <name>.debug_line</name>
         <load_address>0x1edf</load_address>
         <run_address>0x1edf</run_address>
         <size>0x81</size>
         <input_file_ref idref="fl-9"/>
      </object_component>
      <object_component id="oc-299">
         <name>.debug_line</name>
         <load_address>0x1f60</load_address>
         <run_address>0x1f60</run_address>
         <size>0x69</size>
         <input_file_ref idref="fl-a"/>
      </object_component>
      <object_component id="oc-297">
         <name>.debug_line</name>
         <load_address>0x1fc9</load_address>
         <run_address>0x1fc9</run_address>
         <size>0x33</size>
         <input_file_ref idref="fl-a"/>
      </object_component>
      <object_component id="oc-131">
         <name>.debug_line</name>
         <load_address>0x1ffc</load_address>
         <run_address>0x1ffc</run_address>
         <size>0x2a0</size>
         <input_file_ref idref="fl-a"/>
      </object_component>
      <object_component id="oc-29d">
         <name>.debug_line</name>
         <load_address>0x229c</load_address>
         <run_address>0x229c</run_address>
         <size>0x33</size>
         <input_file_ref idref="fl-a"/>
      </object_component>
      <object_component id="oc-2a7">
         <name>.debug_line</name>
         <load_address>0x22cf</load_address>
         <run_address>0x22cf</run_address>
         <size>0x20</size>
         <input_file_ref idref="fl-b"/>
      </object_component>
      <object_component id="oc-2a5">
         <name>.debug_line</name>
         <load_address>0x22ef</load_address>
         <run_address>0x22ef</run_address>
         <size>0x33</size>
         <input_file_ref idref="fl-b"/>
      </object_component>
      <object_component id="oc-137">
         <name>.debug_line</name>
         <load_address>0x2322</load_address>
         <run_address>0x2322</run_address>
         <size>0x2dd</size>
         <input_file_ref idref="fl-b"/>
      </object_component>
      <object_component id="oc-2ab">
         <name>.debug_line</name>
         <load_address>0x25ff</load_address>
         <run_address>0x25ff</run_address>
         <size>0x33</size>
         <input_file_ref idref="fl-b"/>
      </object_component>
      <object_component id="oc-69">
         <name>.debug_line</name>
         <load_address>0x2632</load_address>
         <run_address>0x2632</run_address>
         <size>0x2a5</size>
         <input_file_ref idref="fl-c"/>
      </object_component>
      <object_component id="oc-2c">
         <name>.debug_line</name>
         <load_address>0x28d7</load_address>
         <run_address>0x28d7</run_address>
         <size>0x4f</size>
         <input_file_ref idref="fl-d"/>
      </object_component>
      <object_component id="oc-234">
         <name>.debug_line</name>
         <load_address>0x2926</load_address>
         <run_address>0x2926</run_address>
         <size>0x212</size>
         <input_file_ref idref="fl-e"/>
      </object_component>
      <object_component id="oc-232">
         <name>.debug_line</name>
         <load_address>0x2b38</load_address>
         <run_address>0x2b38</run_address>
         <size>0x38</size>
         <input_file_ref idref="fl-e"/>
      </object_component>
      <object_component id="oc-8e">
         <name>.debug_line</name>
         <load_address>0x2b70</load_address>
         <run_address>0x2b70</run_address>
         <size>0x7a</size>
         <input_file_ref idref="fl-e"/>
      </object_component>
      <object_component id="oc-2be">
         <name>.debug_line</name>
         <load_address>0x2bea</load_address>
         <run_address>0x2bea</run_address>
         <size>0x20</size>
         <input_file_ref idref="fl-10"/>
      </object_component>
      <object_component id="oc-2c2">
         <name>.debug_line</name>
         <load_address>0x2c0a</load_address>
         <run_address>0x2c0a</run_address>
         <size>0x82</size>
         <input_file_ref idref="fl-10"/>
      </object_component>
      <object_component id="oc-1cd">
         <name>.debug_line</name>
         <load_address>0x2c8c</load_address>
         <run_address>0x2c8c</run_address>
         <size>0x82</size>
         <input_file_ref idref="fl-10"/>
      </object_component>
      <object_component id="oc-35">
         <name>.debug_line</name>
         <load_address>0x2d0e</load_address>
         <run_address>0x2d0e</run_address>
         <size>0x4b</size>
         <input_file_ref idref="fl-11"/>
      </object_component>
      <object_component id="oc-e7">
         <name>.debug_line</name>
         <load_address>0x2d59</load_address>
         <run_address>0x2d59</run_address>
         <size>0x125</size>
         <input_file_ref idref="fl-12"/>
      </object_component>
      <object_component id="oc-1db">
         <name>.debug_line</name>
         <load_address>0x2e7e</load_address>
         <run_address>0x2e7e</run_address>
         <size>0x14c</size>
         <input_file_ref idref="fl-13"/>
      </object_component>
      <object_component id="oc-80">
         <name>.debug_line</name>
         <load_address>0x2fca</load_address>
         <run_address>0x2fca</run_address>
         <size>0xe01</size>
         <input_file_ref idref="fl-13"/>
      </object_component>
      <object_component id="oc-20">
         <name>.debug_line</name>
         <load_address>0x3dcb</load_address>
         <run_address>0x3dcb</run_address>
         <size>0xd7</size>
         <input_file_ref idref="fl-14"/>
      </object_component>
      <object_component id="oc-74">
         <name>.debug_line</name>
         <load_address>0x3ea2</load_address>
         <run_address>0x3ea2</run_address>
         <size>0x50</size>
         <input_file_ref idref="fl-14"/>
      </object_component>
      <object_component id="oc-15f">
         <name>.debug_line</name>
         <load_address>0x3ef2</load_address>
         <run_address>0x3ef2</run_address>
         <size>0xe0</size>
         <input_file_ref idref="fl-15"/>
      </object_component>
      <object_component id="oc-9e">
         <name>.debug_line</name>
         <load_address>0x3fd2</load_address>
         <run_address>0x3fd2</run_address>
         <size>0x37</size>
         <input_file_ref idref="fl-15"/>
      </object_component>
      <object_component id="oc-3c">
         <name>.debug_line</name>
         <load_address>0x4009</load_address>
         <run_address>0x4009</run_address>
         <size>0x177</size>
         <input_file_ref idref="fl-15"/>
      </object_component>
      <object_component id="oc-37">
         <name>.debug_line</name>
         <load_address>0x4180</load_address>
         <run_address>0x4180</run_address>
         <size>0x8a</size>
         <input_file_ref idref="fl-15"/>
      </object_component>
      <object_component id="oc-186">
         <name>.debug_line</name>
         <load_address>0x420a</load_address>
         <run_address>0x420a</run_address>
         <size>0x37</size>
         <input_file_ref idref="fl-15"/>
      </object_component>
      <object_component id="oc-19c">
         <name>.debug_line</name>
         <load_address>0x4241</load_address>
         <run_address>0x4241</run_address>
         <size>0x14b</size>
         <input_file_ref idref="fl-16"/>
      </object_component>
      <object_component id="oc-7a">
         <name>.debug_line</name>
         <load_address>0x438c</load_address>
         <run_address>0x438c</run_address>
         <size>0x227</size>
         <input_file_ref idref="fl-16"/>
      </object_component>
      <object_component id="oc-2d8">
         <name>.debug_line</name>
         <load_address>0x45b3</load_address>
         <run_address>0x45b3</run_address>
         <size>0x20</size>
         <input_file_ref idref="fl-d0"/>
      </object_component>
      <object_component id="oc-223">
         <name>.debug_line</name>
         <load_address>0x45d3</load_address>
         <run_address>0x45d3</run_address>
         <size>0xbe</size>
         <input_file_ref idref="fl-d0"/>
      </object_component>
      <object_component id="oc-2d5">
         <name>.debug_line</name>
         <load_address>0x4691</load_address>
         <run_address>0x4691</run_address>
         <size>0x6a</size>
         <input_file_ref idref="fl-d0"/>
      </object_component>
      <object_component id="oc-293">
         <name>.debug_line</name>
         <load_address>0x46fb</load_address>
         <run_address>0x46fb</run_address>
         <size>0x67</size>
         <input_file_ref idref="fl-d0"/>
      </object_component>
      <object_component id="oc-21e">
         <name>.debug_line</name>
         <load_address>0x4762</load_address>
         <run_address>0x4762</run_address>
         <size>0xc2</size>
         <input_file_ref idref="fl-d1"/>
      </object_component>
      <object_component id="oc-28e">
         <name>.debug_line</name>
         <load_address>0x4824</load_address>
         <run_address>0x4824</run_address>
         <size>0x75</size>
         <input_file_ref idref="fl-d2"/>
      </object_component>
      <object_component id="oc-202">
         <name>.debug_line</name>
         <load_address>0x4899</load_address>
         <run_address>0x4899</run_address>
         <size>0xa1</size>
         <input_file_ref idref="fl-d3"/>
      </object_component>
      <object_component id="oc-1fd">
         <name>.debug_line</name>
         <load_address>0x493a</load_address>
         <run_address>0x493a</run_address>
         <size>0x87</size>
         <input_file_ref idref="fl-d4"/>
      </object_component>
      <object_component id="oc-207">
         <name>.debug_line</name>
         <load_address>0x49c1</load_address>
         <run_address>0x49c1</run_address>
         <size>0x50</size>
         <input_file_ref idref="fl-d5"/>
      </object_component>
      <object_component id="oc-4e">
         <name>.debug_line</name>
         <load_address>0x4a11</load_address>
         <run_address>0x4a11</run_address>
         <size>0x9a</size>
         <input_file_ref idref="fl-d6"/>
      </object_component>
      <object_component id="oc-209">
         <name>.debug_line</name>
         <load_address>0x4aab</load_address>
         <run_address>0x4aab</run_address>
         <size>0x47</size>
         <input_file_ref idref="fl-d7"/>
      </object_component>
      <object_component id="oc-d1">
         <name>.debug_line</name>
         <load_address>0x4af2</load_address>
         <run_address>0x4af2</run_address>
         <size>0x73</size>
         <input_file_ref idref="fl-d8"/>
      </object_component>
      <object_component id="oc-1f8">
         <name>.debug_line</name>
         <load_address>0x4b65</load_address>
         <run_address>0x4b65</run_address>
         <size>0x51</size>
         <input_file_ref idref="fl-d9"/>
      </object_component>
      <object_component id="oc-260">
         <name>.debug_line</name>
         <load_address>0x4bb6</load_address>
         <run_address>0x4bb6</run_address>
         <size>0x8f</size>
         <input_file_ref idref="fl-da"/>
      </object_component>
      <object_component id="oc-f5">
         <name>.debug_line</name>
         <load_address>0x4c45</load_address>
         <run_address>0x4c45</run_address>
         <size>0x7b</size>
         <input_file_ref idref="fl-da"/>
      </object_component>
      <object_component id="oc-264">
         <name>.debug_line</name>
         <load_address>0x4cc0</load_address>
         <run_address>0x4cc0</run_address>
         <size>0x2e</size>
         <input_file_ref idref="fl-da"/>
      </object_component>
      <object_component id="oc-2c7">
         <name>.debug_line</name>
         <load_address>0x4cee</load_address>
         <run_address>0x4cee</run_address>
         <size>0x6a</size>
         <input_file_ref idref="fl-da"/>
      </object_component>
      <object_component id="oc-269">
         <name>.debug_line</name>
         <load_address>0x4d58</load_address>
         <run_address>0x4d58</run_address>
         <size>0x67</size>
         <input_file_ref idref="fl-da"/>
      </object_component>
      <object_component id="oc-26e">
         <name>.debug_line</name>
         <load_address>0x4dbf</load_address>
         <run_address>0x4dbf</run_address>
         <size>0x63</size>
         <input_file_ref idref="fl-da"/>
      </object_component>
      <object_component id="oc-196">
         <name>.debug_line</name>
         <load_address>0x4e22</load_address>
         <run_address>0x4e22</run_address>
         <size>0x62</size>
         <input_file_ref idref="fl-dc"/>
      </object_component>
      <object_component id="oc-5e">
         <name>.debug_line</name>
         <load_address>0x4e84</load_address>
         <run_address>0x4e84</run_address>
         <size>0x4c</size>
         <input_file_ref idref="fl-dc"/>
      </object_component>
      <object_component id="oc-ca">
         <name>.debug_line</name>
         <load_address>0x4ed0</load_address>
         <run_address>0x4ed0</run_address>
         <size>0x34</size>
         <input_file_ref idref="fl-dc"/>
      </object_component>
      <object_component id="oc-151">
         <name>.debug_line</name>
         <load_address>0x4f04</load_address>
         <run_address>0x4f04</run_address>
         <size>0x3c</size>
         <input_file_ref idref="fl-df"/>
      </object_component>
      <object_component id="oc-27d">
         <name>.debug_line</name>
         <load_address>0x4f40</load_address>
         <run_address>0x4f40</run_address>
         <size>0x37</size>
         <input_file_ref idref="fl-e1"/>
      </object_component>
      <object_component id="oc-13d">
         <name>.debug_frame</name>
         <load_address>0x0</load_address>
         <run_address>0x0</run_address>
         <size>0xac</size>
         <input_file_ref idref="fl-2"/>
      </object_component>
      <object_component id="oc-6c">
         <name>.debug_frame</name>
         <load_address>0xac</load_address>
         <run_address>0xac</run_address>
         <size>0xb0</size>
         <input_file_ref idref="fl-4"/>
      </object_component>
      <object_component id="oc-87">
         <name>.debug_frame</name>
         <load_address>0x15c</load_address>
         <run_address>0x15c</run_address>
         <size>0x1ac</size>
         <input_file_ref idref="fl-5"/>
      </object_component>
      <object_component id="oc-27">
         <name>.debug_frame</name>
         <load_address>0x308</load_address>
         <run_address>0x308</run_address>
         <size>0x48</size>
         <input_file_ref idref="fl-5"/>
      </object_component>
      <object_component id="oc-125">
         <name>.debug_frame</name>
         <load_address>0x350</load_address>
         <run_address>0x350</run_address>
         <size>0x10c</size>
         <input_file_ref idref="fl-6"/>
      </object_component>
      <object_component id="oc-129">
         <name>.debug_frame</name>
         <load_address>0x45c</load_address>
         <run_address>0x45c</run_address>
         <size>0x1c8</size>
         <input_file_ref idref="fl-7"/>
      </object_component>
      <object_component id="oc-96">
         <name>.debug_frame</name>
         <load_address>0x624</load_address>
         <run_address>0x624</run_address>
         <size>0x128</size>
         <input_file_ref idref="fl-8"/>
      </object_component>
      <object_component id="oc-dd">
         <name>.debug_frame</name>
         <load_address>0x74c</load_address>
         <run_address>0x74c</run_address>
         <size>0x4c</size>
         <input_file_ref idref="fl-9"/>
      </object_component>
      <object_component id="oc-132">
         <name>.debug_frame</name>
         <load_address>0x798</load_address>
         <run_address>0x798</run_address>
         <size>0x1d0</size>
         <input_file_ref idref="fl-a"/>
      </object_component>
      <object_component id="oc-138">
         <name>.debug_frame</name>
         <load_address>0x968</load_address>
         <run_address>0x968</run_address>
         <size>0x184</size>
         <input_file_ref idref="fl-b"/>
      </object_component>
      <object_component id="oc-8d">
         <name>.debug_frame</name>
         <load_address>0xaec</load_address>
         <run_address>0xaec</run_address>
         <size>0x54</size>
         <input_file_ref idref="fl-e"/>
      </object_component>
      <object_component id="oc-31">
         <name>.debug_frame</name>
         <load_address>0xb40</load_address>
         <run_address>0xb40</run_address>
         <size>0x34</size>
         <input_file_ref idref="fl-11"/>
      </object_component>
      <object_component id="oc-81">
         <name>.debug_frame</name>
         <load_address>0xb74</load_address>
         <run_address>0xb74</run_address>
         <size>0x4b0</size>
         <input_file_ref idref="fl-13"/>
      </object_component>
      <object_component id="oc-21">
         <name>.debug_frame</name>
         <load_address>0x1024</load_address>
         <run_address>0x1024</run_address>
         <size>0x30</size>
         <input_file_ref idref="fl-14"/>
      </object_component>
      <object_component id="oc-75">
         <name>.debug_frame</name>
         <load_address>0x1054</load_address>
         <run_address>0x1054</run_address>
         <size>0x34</size>
         <input_file_ref idref="fl-14"/>
      </object_component>
      <object_component id="oc-3d">
         <name>.debug_frame</name>
         <load_address>0x1088</load_address>
         <run_address>0x1088</run_address>
         <size>0x9c</size>
         <input_file_ref idref="fl-15"/>
      </object_component>
      <object_component id="oc-3e">
         <name>.debug_frame</name>
         <load_address>0x1124</load_address>
         <run_address>0x1124</run_address>
         <size>0x4c</size>
         <input_file_ref idref="fl-15"/>
      </object_component>
      <object_component id="oc-7b">
         <name>.debug_frame</name>
         <load_address>0x1170</load_address>
         <run_address>0x1170</run_address>
         <size>0x118</size>
         <input_file_ref idref="fl-16"/>
      </object_component>
      <object_component id="oc-224">
         <name>.debug_frame</name>
         <load_address>0x1288</load_address>
         <run_address>0x1288</run_address>
         <size>0x44</size>
         <input_file_ref idref="fl-d0"/>
      </object_component>
      <object_component id="oc-f6">
         <name>.debug_frame</name>
         <load_address>0x12cc</load_address>
         <run_address>0x12cc</run_address>
[...]
         <value>0x6458</value>
         <object_component_ref idref="oc-65"/>
      </symbol>
      <symbol id="sm-3a0">
         <name>_coreClearInstructionFault_</name>
         <value>0x644c</value>
         <object_component_ref idref="oc-65"/>
      </symbol>
      <symbol id="sm-3a1">
         <name>_getCPSRValue_</name>
         <value>0x639c</value>
         <object_component_ref idref="oc-65"/>
      </symbol>
      <symbol id="sm-3a2">
         <name>__TI_PINIT_Limit</name>
         <value>0x6564</value>
         <object_component_ref idref="oc-65"/>
      </symbol>
      <symbol id="sm-3a3">
         <name>_coreEnableFlashEcc_</name>
         <value>0x63fc</value>
         <object_component_ref idref="oc-65"/>
      </symbol>
      <symbol id="sm-3a4">
         <name>_disable_FIQ_interrupt_</name>
         <value>0x64b0</value>
         <object_component_ref idref="oc-65"/>
      </symbol>
      <symbol id="sm-3a5">
         <name>_coreGetAuxiliaryInstructionFault_</name>
         <value>0x6494</value>
         <object_component_ref idref="oc-65"/>
      </symbol>
      <symbol id="sm-3a6">
         <name>_coreInitStackPointer_</name>
         <value>0x6350</value>
         <object_component_ref idref="oc-65"/>
      </symbol>
      <symbol id="sm-3a7">
         <name>_esmCcmErrorsClear_</name>
         <value>0x64c8</value>
         <object_component_ref idref="oc-65"/>
      </symbol>
      <symbol id="sm-3a8">
         <name>_gotoCPUIdle_</name>
         <value>0x63a4</value>
         <object_component_ref idref="oc-65"/>
      </symbol>
      <symbol id="sm-3a9">
         <name>_coreEnableIrqVicOffset_</name>
         <value>0x6420</value>
         <object_component_ref idref="oc-65"/>
      </symbol>
      <symbol id="sm-3aa">
         <name>_coreGetInstructionFault_</name>
         <value>0x6444</value>
         <object_component_ref idref="oc-65"/>
      </symbol>
      <symbol id="sm-3ab">
         <name>_coreClearAuxiliaryDataFault_</name>
         <value>0x6488</value>
         <object_component_ref idref="oc-65"/>
      </symbol>
      <symbol id="sm-3ac">
         <name>_coreEnableEventBusExport_</name>
         <value>0x63bc</value>
         <object_component_ref idref="oc-65"/>
      </symbol>
      <symbol id="sm-3b8">
         <name>resetEntry</name>
         <value>0x0</value>
         <object_component_ref idref="oc-2b"/>
      </symbol>
      <symbol id="sm-3d3">
         <name>MPU</name>
         <value>0x800155c</value>
      </symbol>
      <symbol id="sm-3d4">
         <name>main</name>
         <value>0x7a2c</value>
         <object_component_ref idref="oc-89"/>
      </symbol>
      <symbol id="sm-3d5">
         <name>applicationInit</name>
         <value>0x7a14</value>
         <object_component_ref idref="oc-89"/>
      </symbol>
      <symbol id="sm-3ee">
         <name>phantomInterrupt</name>
         <value>0x7d04</value>
         <object_component_ref idref="oc-30"/>
      </symbol>
      <symbol id="sm-3f7">
         <name>_pmuResetCounters_</name>
         <value>0x79c0</value>
         <object_component_ref idref="oc-e3"/>
      </symbol>
      <symbol id="sm-3f8">
         <name>_pmuGetEventCount_</name>
         <value>0x79f4</value>
         <object_component_ref idref="oc-e3"/>
      </symbol>
      <symbol id="sm-3f9">
         <name>_pmuResetEventCounters_</name>
         <value>0x79b0</value>
         <object_component_ref idref="oc-e3"/>
      </symbol>
      <symbol id="sm-3fa">
         <name>_pmuStopCounters_</name>
         <value>0x79d8</value>
         <object_component_ref idref="oc-e3"/>
      </symbol>
      <symbol id="sm-3fb">
         <name>_pmuInit_</name>
         <value>0x7934</value>
         <object_component_ref idref="oc-e3"/>
      </symbol>
      <symbol id="sm-3fc">
         <name>_pmuGetOverflow_</name>
         <value>0x7a00</value>
         <object_component_ref idref="oc-e3"/>
      </symbol>
      <symbol id="sm-3fd">
         <name>_pmuResetCycleCounter_</name>
         <value>0x79a0</value>
         <object_component_ref idref="oc-e3"/>
      </symbol>
      <symbol id="sm-3fe">
         <name>_pmuSetCountEvent_</name>
         <value>0x79e0</value>
         <object_component_ref idref="oc-e3"/>
      </symbol>
      <symbol id="sm-3ff">
         <name>_pmuGetCycleCount_</name>
         <value>0x79ec</value>
         <object_component_ref idref="oc-e3"/>
      </symbol>
      <symbol id="sm-400">
         <name>_pmuEnableCountersGlobal_</name>
         <value>0x7980</value>
         <object_component_ref idref="oc-e3"/>
      </symbol>
      <symbol id="sm-401">
         <name>_pmuDisableCountersGlobal_</name>
         <value>0x7990</value>
         <object_component_ref idref="oc-e3"/>
      </symbol>
      <symbol id="sm-402">
         <name>_pmuStartCounters_</name>
         <value>0x79d0</value>
         <object_component_ref idref="oc-e3"/>
      </symbol>
      <symbol id="sm-566">
         <name>pbistSelfCheck</name>
         <value>0x2cc</value>
         <object_component_ref idref="oc-7c"/>
      </symbol>
      <symbol id="sm-567">
         <name>fmcBus1ParityCheck</name>
         <value>0x1c00</value>
         <object_component_ref idref="oc-7c"/>
      </symbol>
      <symbol id="sm-568">
         <name>can1ParityCheck</name>
         <value>0x10bc</value>
         <object_component_ref idref="oc-7c"/>
      </symbol>
      <symbol id="sm-569">
         <name>enableParity</name>
         <value>0x23d0</value>
         <object_component_ref idref="oc-7c"/>
      </symbol>
      <symbol id="sm-56a">
         <name>custom_dabort</name>
         <value>0xdf4</value>
         <object_component_ref idref="oc-7c"/>
      </symbol>
      <symbol id="sm-56b">
         <name>memoryInit</name>
         <value>0x174</value>
         <object_component_ref idref="oc-7c"/>
      </symbol>
      <symbol id="sm-56c">
         <name>stcSelfCheck</name>
         <value>0x1b8</value>
         <object_component_ref idref="oc-7c"/>
      </symbol>
      <symbol id="sm-56d">
         <name>efcGetConfigValue</name>
         <value>0x1f98</value>
         <object_component_ref idref="oc-7c"/>
      </symbol>
      <symbol id="sm-56e">
         <name>can2ParityCheck</name>
         <value>0x1198</value>
         <object_component_ref idref="oc-7c"/>
      </symbol>
      <symbol id="sm-56f">
         <name>het1ParityCheck</name>
         <value>0xeac</value>
         <object_component_ref idref="oc-7c"/>
      </symbol>
      <symbol id="sm-570">
         <name>adc1ParityCheck</name>
         <value>0x1004</value>
         <object_component_ref idref="oc-7c"/>
      </symbol>
      <symbol id="sm-571">
         <name>checkefcSelfTest</name>
         <value>0x7bc</value>
         <object_component_ref idref="oc-7c"/>
      </symbol>
      <symbol id="sm-572">
         <name>checkRAMECC</name>
         <value>0x13bc</value>
         <object_component_ref idref="oc-7c"/>
      </symbol>
      <symbol id="sm-573">
         <name>stcSelfCheckFail</name>
         <value>0xdf8</value>
         <object_component_ref idref="oc-7c"/>
      </symbol>
      <symbol id="sm-574">
         <name>ccmSelfCheck</name>
         <value>0x30</value>
         <object_component_ref idref="oc-7c"/>
      </symbol>
      <symbol id="sm-575">
         <name>efcCheck</name>
         <value>0x660</value>
         <object_component_ref idref="oc-7c"/>
      </symbol>
      <symbol id="sm-576">
         <name>cpuSelfTest</name>
         <value>0x234</value>
         <object_component_ref idref="oc-7c"/>
      </symbol>
      <symbol id="sm-577">
         <name>htu1ParityCheck</name>
         <value>0xf4c</value>
         <object_component_ref idref="oc-7c"/>
      </symbol>
      <symbol id="sm-578">
         <name>checkFlashECC</name>
         <value>0xd18</value>
         <object_component_ref idref="oc-7c"/>
      </symbol>
      <symbol id="sm-579">
         <name>cpuSelfTestFail</name>
         <value>0xdfc</value>
         <object_component_ref idref="oc-7c"/>
      </symbol>
      <symbol id="sm-57a">
         <name>checkPLL1Slip</name>
         <value>0x1880</value>
         <object_component_ref idref="oc-7c"/>
      </symbol>
      <symbol id="sm-57b">
         <name>mibspi1ParityCheck</name>
         <value>0x1260</value>
         <object_component_ref idref="oc-7c"/>
      </symbol>
      <symbol id="sm-57c">
         <name>ccmr4GetConfigValue</name>
         <value>0x2034</value>
         <object_component_ref idref="oc-7c"/>
      </symbol>
      <symbol id="sm-57d">
         <name>pbistPortTestStatus</name>
         <value>0x608</value>
         <object_component_ref idref="oc-7c"/>
      </symbol>
      <symbol id="sm-57e">
         <name>checkFlashEEPROMECC</name>
         <value>0x16d8</value>
         <object_component_ref idref="oc-7c"/>
      </symbol>
      <symbol id="sm-57f">
         <name>pbistGetConfigValue</name>
         <value>0x1db0</value>
         <object_component_ref idref="oc-7c"/>
      </symbol>
      <symbol id="sm-580">
         <name>vimParityCheck</name>
         <value>0xe00</value>
         <object_component_ref idref="oc-7c"/>
      </symbol>
      <symbol id="sm-581">
         <name>pbistIsTestCompleted</name>
         <value>0x5a8</value>
         <object_component_ref idref="oc-7c"/>
      </symbol>
      <symbol id="sm-582">
         <name>disableParity</name>
         <value>0x2424</value>
         <object_component_ref idref="oc-7c"/>
      </symbol>
      <symbol id="sm-583">
         <name>pbistRun</name>
         <value>0x4ac</value>
         <object_component_ref idref="oc-7c"/>
      </symbol>
      <symbol id="sm-584">
         <name>pbistFail</name>
         <value>0x1d2c</value>
         <object_component_ref idref="oc-7c"/>
      </symbol>
      <symbol id="sm-585">
         <name>selftestFailNotification</name>
         <value>0x20</value>
         <object_component_ref idref="oc-7c"/>
      </symbol>
      <symbol id="sm-586">
         <name>errata_PBIST_4</name>
         <value>0x20b0</value>
         <object_component_ref idref="oc-7c"/>
      </symbol>
      <symbol id="sm-587">
         <name>efcSelfTest</name>
         <value>0x794</value>
         <object_component_ref idref="oc-7c"/>
      </symbol>
      <symbol id="sm-588">
         <name>checkB1RAMECC</name>
         <value>0xb28</value>
         <object_component_ref idref="oc-7c"/>
      </symbol>
      <symbol id="sm-589">
         <name>pbistStop</name>
         <value>0x578</value>
         <object_component_ref idref="oc-7c"/>
      </symbol>
      <symbol id="sm-58a">
         <name>checkRAMAddrParity</name>
         <value>0x199c</value>
         <object_component_ref idref="oc-7c"/>
      </symbol>
      <symbol id="sm-58b">
         <name>checkB0RAMECC</name>
         <value>0x938</value>
         <object_component_ref idref="oc-7c"/>
      </symbol>
      <symbol id="sm-58c">
         <name>stcGetConfigValue</name>
         <value>0x1ef8</value>
         <object_component_ref idref="oc-7c"/>
      </symbol>
      <symbol id="sm-58d">
         <name>pbistIsTestPassed</name>
         <value>0x5d4</value>
         <object_component_ref idref="oc-7c"/>
      </symbol>
      <symbol id="sm-58e">
         <name>checkClockMonitor</name>
         <value>0x1604</value>
         <object_component_ref idref="oc-7c"/>
      </symbol>
      <symbol id="sm-58f">
         <name>fmcECCcheck</name>
         <value>0x898</value>
         <object_component_ref idref="oc-7c"/>
      </symbol>
      <symbol id="sm-590">
         <name>fmcBus2Check</name>
         <value>0x85c</value>
         <object_component_ref idref="oc-7c"/>
      </symbol>
      <symbol id="sm-591">
         <name>checkRAMUERRTest</name>
         <value>0x1aa4</value>
         <object_component_ref idref="oc-7c"/>
      </symbol>
      <symbol id="sm-592">
         <name>efcStuckZeroTest</name>
         <value>0x6e8</value>
         <object_component_ref idref="oc-7c"/>
      </symbol>
      <symbol id="sm-5bb">
         <name>_c_int00</name>
         <value>0x6a90</value>
         <object_component_ref idref="oc-1c"/>
      </symbol>
      <symbol id="sm-5bc">
         <name>handlePLLLockFail</name>
         <value>0x7d0c</value>
         <object_component_ref idref="oc-70"/>
      </symbol>
      <symbol id="sm-653">
         <name>vimChannelMap</name>
         <value>0x4464</value>
         <object_component_ref idref="oc-38"/>
      </symbol>
      <symbol id="sm-654">
         <name>vimInit</name>
         <value>0x4390</value>
         <object_component_ref idref="oc-38"/>
      </symbol>
      <symbol id="sm-655">
         <name>vimEnableInterrupt</name>
         <value>0x4508</value>
         <object_component_ref idref="oc-38"/>
      </symbol>
      <symbol id="sm-656">
         <name>vimDisableInterrupt</name>
         <value>0x4660</value>
         <object_component_ref idref="oc-38"/>
      </symbol>
      <symbol id="sm-657">
         <name>vimGetConfigValue</name>
         <value>0x46e4</value>
         <object_component_ref idref="oc-38"/>
      </symbol>
      <symbol id="sm-658">
         <name>vimParityErrorHandler</name>
         <value>0x6828</value>
         <object_component_ref idref="oc-36"/>
      </symbol>
      <symbol id="sm-6ac">
         <name>systemGetConfigValue</name>
         <value>0x332c</value>
         <object_component_ref idref="oc-76"/>
      </symbol>
      <symbol id="sm-6ad">
         <name>trimLPO</name>
         <value>0x3044</value>
         <object_component_ref idref="oc-76"/>
      </symbol>
      <symbol id="sm-6ae">
         <name>systemInit</name>
         <value>0x3230</value>
         <object_component_ref idref="oc-76"/>
      </symbol>
      <symbol id="sm-6af">
         <name>customTrimLPO</name>
         <value>0x39d4</value>
         <object_component_ref idref="oc-76"/>
      </symbol>
      <symbol id="sm-6b0">
         <name>tcmflashGetConfigValue</name>
         <value>0x36ec</value>
         <object_component_ref idref="oc-76"/>
      </symbol>
      <symbol id="sm-6b1">
         <name>sramGetConfigValue</name>
         <value>0x3898</value>
         <object_component_ref idref="oc-76"/>
      </symbol>
      <symbol id="sm-6b2">
         <name>periphInit</name>
         <value>0x30f8</value>
         <object_component_ref idref="oc-76"/>
      </symbol>
      <symbol id="sm-6b3">
         <name>setupFlash</name>
         <value>0x30b8</value>
         <object_component_ref idref="oc-76"/>
      </symbol>
      <symbol id="sm-6b4">
         <name>setupPLL</name>
         <value>0x2ff4</value>
         <object_component_ref idref="oc-76"/>
      </symbol>
      <symbol id="sm-6b5">
         <name>mapClocks</name>
         <value>0x314c</value>
         <object_component_ref idref="oc-76"/>
      </symbol>
      <symbol id="sm-6b6">
         <name>systemPowerDown</name>
         <value>0x32fc</value>
         <object_component_ref idref="oc-76"/>
      </symbol>
      <symbol id="sm-6db">
         <name>floorl</name>
         <value>0x71c8</value>
         <object_component_ref idref="oc-21f"/>
      </symbol>
      <symbol id="sm-6dc">
         <name>floor</name>
         <value>0x71c8</value>
         <object_component_ref idref="oc-21f"/>
      </symbol>
      <symbol id="sm-6f3">
         <name>__aeabi_dsub</name>
         <value>0x6ca4</value>
         <object_component_ref idref="oc-21a"/>
      </symbol>
      <symbol id="sm-6f4">
         <name>__aeabi_dadd</name>
         <value>0x6cb0</value>
         <object_component_ref idref="oc-21a"/>
      </symbol>
      <symbol id="sm-706">
         <name>__aeabi_cdrcmple</name>
         <value>0x7854</value>
         <object_component_ref idref="oc-28a"/>
      </symbol>
      <symbol id="sm-71a">
         <name>__aeabi_ddiv</name>
         <value>0x6eb8</value>
         <object_component_ref idref="oc-1fe"/>
      </symbol>
      <symbol id="sm-725">
         <name>__aeabi_dmul</name>
         <value>0x7474</value>
         <object_component_ref idref="oc-1f9"/>
      </symbol>
      <symbol id="sm-72f">
         <name>__aeabi_d2uiz</name>
         <value>0x7bf8</value>
         <object_component_ref idref="oc-203"/>
      </symbol>
      <symbol id="sm-748">
         <name>memcpy</name>
         <value>0x7048</value>
         <object_component_ref idref="oc-4d"/>
      </symbol>
      <symbol id="sm-749">
         <name>__aeabi_memcpy</name>
         <value>0x7048</value>
         <object_component_ref idref="oc-4d"/>
      </symbol>
      <symbol id="sm-74a">
         <name>__aeabi_memcpy8</name>
         <value>0x7048</value>
         <object_component_ref idref="oc-4d"/>
      </symbol>
      <symbol id="sm-74b">
         <name>__aeabi_memcpy4</name>
         <value>0x7048</value>
         <object_component_ref idref="oc-4d"/>
      </symbol>
      <symbol id="sm-755">
         <name>__aeabi_ui2d</name>
         <value>0x7ca0</value>
         <object_component_ref idref="oc-208"/>
      </symbol>
      <symbol id="sm-764">
         <name>__aeabi_memset</name>
         <value>0x7ae4</value>
         <object_component_ref idref="oc-cd"/>
      </symbol>
      <symbol id="sm-765">
         <name>memset</name>
         <value>0x7af0</value>
         <object_component_ref idref="oc-cd"/>
      </symbol>
      <symbol id="sm-766">
         <name>__aeabi_memset8</name>
         <value>0x7ae4</value>
         <object_component_ref idref="oc-cd"/>
      </symbol>
      <symbol id="sm-767">
         <name>__aeabi_memset4</name>
         <value>0x7ae4</value>
         <object_component_ref idref="oc-cd"/>
      </symbol>
      <symbol id="sm-768">
         <name>__aeabi_memclr8</name>
         <value>0x7ae0</value>
         <object_component_ref idref="oc-cd"/>
      </symbol>
      <symbol id="sm-769">
         <name>__aeabi_memclr4</name>
         <value>0x7ae0</value>
         <object_component_ref idref="oc-cd"/>
      </symbol>
      <symbol id="sm-76a">
         <name>__aeabi_memclr</name>
         <value>0x7ae0</value>
         <object_component_ref idref="oc-cd"/>
      </symbol>
      <symbol id="sm-776">
         <name>__aeabi_uidivmod</name>
         <value>0x7c50</value>
         <object_component_ref idref="oc-1f4"/>
      </symbol>
      <symbol id="sm-777">
         <name>__aeabi_uidiv</name>
         <value>0x7c50</value>
         <object_component_ref idref="oc-1f4"/>
      </symbol>
      <symbol id="sm-79f">
         <name>__TI_auto_init_nobinit_nopinit</name>
         <value>0x7b90</value>
         <object_component_ref idref="oc-f1"/>
      </symbol>
      <symbol id="sm-7b3">
         <name>__TI_zero_init_nomemset</name>
         <value>0x7cd4</value>
         <object_component_ref idref="oc-59"/>
      </symbol>
      <symbol id="sm-7c0">
         <name>C$$EXIT</name>
         <value>0x7cfc</value>
         <object_component_ref idref="oc-150"/>
      </symbol>
      <symbol id="sm-7c1">
         <name>abort</name>
         <value>0x7cfc</value>
         <object_component_ref idref="oc-150"/>
      </symbol>
      <symbol id="sm-7cc">
         <name>__aeabi_idiv0</name>
         <value>0x7d08</value>
         <object_component_ref idref="oc-279"/>
      </symbol>
      <symbol id="sm-7cd">
         <name>__aeabi_ldiv0</name>
         <value>0x7d08</value>
         <object_component_ref idref="oc-279"/>
      </symbol>
      <symbol id="sm-7ce">
         <name>__TI_static_base__</name>
         <value>0x0</value>
      </symbol>
      <symbol id="sm-7d0">
         <name>SHT$$INIT_ARRAY$$Base</name>
         <value>0x0</value>
      </symbol>
      <symbol id="sm-7d1">
         <name>SHT$$INIT_ARRAY$$Limit</name>
         <value>0x0</value>
      </symbol>
      <symbol id="sm-7d2">
         <name>_system_post_cinit</name>
         <value>0x0</value>
      </symbol>
   </symbol_table>
   <title>Link successful</title>
</link_info>
